Component: ARM Compiler 5.06 update 6 (build 750) Tool: armlink [4d35ed]

==============================================================================

Section Cross References

    system_stm32f4xx.o(i.SystemCoreClockUpdate) refers to system_stm32f4xx.o(.data) for SystemCoreClock
    system_stm32f4xx.o(i.SystemInit) refers to system_stm32f4xx.o(i.SetSysClock) for SetSysClock
    stm32f4xx_it.o(i.SysTick_Handler) refers to drv_systick.o(.data) for E_COUNTER
    stm32f4xx_it.o(i.TIM2_IRQHandler) refers to stm32f4xx_tim.o(i.TIM_GetITStatus) for TIM_GetITStatus
    stm32f4xx_it.o(i.TIM2_IRQHandler) refers to stm32f4xx_tim.o(i.TIM_ClearITPendingBit) for TIM_ClearITPendingBit
    stm32f4xx_it.o(i.TIM2_IRQHandler) refers to bsp_led.o(i.LED_Task) for LED_Task
    stm32f4xx_it.o(i.TIM3_IRQHandler) refers to stm32f4xx_tim.o(i.TIM_GetITStatus) for TIM_GetITStatus
    stm32f4xx_it.o(i.TIM3_IRQHandler) refers to stm32f4xx_tim.o(i.TIM_ClearITPendingBit) for TIM_ClearITPendingBit
    stm32f4xx_it.o(i.TIM3_IRQHandler) refers to bsp_ad7190.o(i.Get_ADC_flag) for Get_ADC_flag
    stm32f4xx_it.o(i.TIM3_IRQHandler) refers to drv_spi.o(i.drv_spi_read_write_string) for drv_spi_read_write_string
    stm32f4xx_it.o(i.TIM3_IRQHandler) refers to bsp_ad7190.o(i.Get_bias_data) for Get_bias_data
    stm32f4xx_it.o(i.TIM3_IRQHandler) refers to bsp_ad7190.o(i.Set_ad7190_data) for Set_ad7190_data
    stm32f4xx_it.o(i.TIM3_IRQHandler) refers to bsp_ad7190.o(i.Set_number) for Set_number
    stm32f4xx_it.o(i.TIM3_IRQHandler) refers to bsp_ad7190.o(i.Set_ADC_flag) for Set_ADC_flag
    stm32f4xx_it.o(i.TIM3_IRQHandler) refers to drv_uart.o(i.Serial_Send) for Serial_Send
    stm32f4xx_it.o(i.TIM3_IRQHandler) refers to bsp_ad7190.o(i.Get_ad7190_data) for Get_ad7190_data
    stm32f4xx_it.o(i.TIM3_IRQHandler) refers to bsp_ad7190.o(i.Get_number) for Get_number
    stm32f4xx_it.o(i.TIM3_IRQHandler) refers to dflt_clz.o(x$fpl$dflt) for __aeabi_i2d
    stm32f4xx_it.o(i.TIM3_IRQHandler) refers to dmul.o(x$fpl$dmul) for __aeabi_dmul
    stm32f4xx_it.o(i.TIM3_IRQHandler) refers to ddiv.o(x$fpl$ddiv) for __aeabi_ddiv
    stm32f4xx_it.o(i.TIM3_IRQHandler) refers to bsp_ad7190.o(i.Set_voltage_data) for Set_voltage_data
    stm32f4xx_it.o(i.TIM3_IRQHandler) refers to bsp_ad7190.o(i.Get_voltage_data) for Get_voltage_data
    stm32f4xx_it.o(i.TIM3_IRQHandler) refers to stm32f4xx_it.o(.data) for sample
    stm32f4xx_it.o(i.TIM3_IRQHandler) refers to stm32f4xx_it.o(.bss) for Ad7190_Data
    stm32f4xx_it.o(i.USART1_IRQHandler) refers to stm32f4xx_usart.o(i.USART_GetFlagStatus) for USART_GetFlagStatus
    stm32f4xx_it.o(i.USART1_IRQHandler) refers to stm32f4xx_usart.o(i.USART_ClearITPendingBit) for USART_ClearITPendingBit
    stm32f4xx_it.o(i.USART2_IRQHandler) refers to stm32f4xx_usart.o(i.USART_GetFlagStatus) for USART_GetFlagStatus
    stm32f4xx_it.o(i.USART2_IRQHandler) refers to stm32f4xx_usart.o(i.USART_ClearITPendingBit) for USART_ClearITPendingBit
    stm32f4xx_it.o(i.USART3_IRQHandler) refers to stm32f4xx_usart.o(i.USART_GetFlagStatus) for USART_GetFlagStatus
    stm32f4xx_it.o(i.USART3_IRQHandler) refers to stm32f4xx_usart.o(i.USART_ClearITPendingBit) for USART_ClearITPendingBit
    stm32f4xx_it.o(i.USART6_IRQHandler) refers to stm32f4xx_usart.o(i.USART_GetFlagStatus) for USART_GetFlagStatus
    stm32f4xx_it.o(i.USART6_IRQHandler) refers to stm32f4xx_usart.o(i.USART_ClearITPendingBit) for USART_ClearITPendingBit
    main.o(i.main) refers to init.o(i.System_Init) for System_Init
    main.o(i.main) refers to drv_uart.o(i.Serial_Send) for Serial_Send
    main.o(i.main) refers to drv_systick.o(i.delay_ms) for delay_ms
    init.o(i.System_Init) refers to system_stm32f4xx.o(i.SystemInit) for SystemInit
    init.o(i.System_Init) refers to misc.o(i.NVIC_PriorityGroupConfig) for NVIC_PriorityGroupConfig
    init.o(i.System_Init) refers to drv_systick.o(i.SysTick_Init) for SysTick_Init
    init.o(i.System_Init) refers to drv_uart.o(i.USART1_Init) for USART1_Init
    init.o(i.System_Init) refers to bsp_ad7190.o(i.AD7190_Init) for AD7190_Init
    init.o(i.System_Init) refers to drv_uart.o(i.Serial_Send) for Serial_Send
    init.o(i.System_Init) refers to drv_systick.o(i.delay_ms) for delay_ms
    init.o(i.System_Init) refers to bsp_ad7190.o(i.AD7190_Unipolar_Multichannel_Conf) for AD7190_Unipolar_Multichannel_Conf
    init.o(i.System_Init) refers to bsp_ad7190.o(i.Set_ADC_flag) for Set_ADC_flag
    init.o(i.System_Init) refers to bsp_ad7190.o(i.Set_bias_data) for Set_bias_data
    init.o(i.System_Init) refers to drv_uart.o(i.USART2_Init) for USART2_Init
    init.o(i.System_Init) refers to drv_timer.o(i.TIM2_Init) for TIM2_Init
    init.o(i.System_Init) refers to drv_timer.o(i.TIM3_Init) for TIM3_Init
    init.o(i.System_Init) refers to bsp_led.o(i.LED_Init) for LED_Init
    drv_spi.o(i.drv_spi_init) refers to drv_gpio.o(i.GPIO_Format_Init) for GPIO_Format_Init
    drv_spi.o(i.drv_spi_init) refers to stm32f4xx_gpio.o(i.GPIO_PinAFConfig) for GPIO_PinAFConfig
[...]
    ..\FWLIB\src\stm32f4xx_hash_sha1.c       0x00000000   Number         0  stm32f4xx_hash_sha1.o ABSOLUTE
    ..\FWLIB\src\stm32f4xx_i2c.c             0x00000000   Number         0  stm32f4xx_i2c.o ABSOLUTE
    ..\FWLIB\src\stm32f4xx_iwdg.c            0x00000000   Number         0  stm32f4xx_iwdg.o ABSOLUTE
    ..\FWLIB\src\stm32f4xx_ltdc.c            0x00000000   Number         0  stm32f4xx_ltdc.o ABSOLUTE
    ..\FWLIB\src\stm32f4xx_pwr.c             0x00000000   Number         0  stm32f4xx_pwr.o ABSOLUTE
    ..\FWLIB\src\stm32f4xx_rcc.c             0x00000000   Number         0  stm32f4xx_rcc.o ABSOLUTE
    ..\FWLIB\src\stm32f4xx_rng.c             0x00000000   Number         0  stm32f4xx_rng.o ABSOLUTE
    ..\FWLIB\src\stm32f4xx_rtc.c             0x00000000   Number         0  stm32f4xx_rtc.o ABSOLUTE
    ..\FWLIB\src\stm32f4xx_sai.c             0x00000000   Number         0  stm32f4xx_sai.o ABSOLUTE
    ..\FWLIB\src\stm32f4xx_sdio.c            0x00000000   Number         0  stm32f4xx_sdio.o ABSOLUTE
    ..\FWLIB\src\stm32f4xx_spi.c             0x00000000   Number         0  stm32f4xx_spi.o ABSOLUTE
    ..\FWLIB\src\stm32f4xx_syscfg.c          0x00000000   Number         0  stm32f4xx_syscfg.o ABSOLUTE
    ..\FWLIB\src\stm32f4xx_tim.c             0x00000000   Number         0  stm32f4xx_tim.o ABSOLUTE
    ..\FWLIB\src\stm32f4xx_usart.c           0x00000000   Number         0  stm32f4xx_usart.o ABSOLUTE
    ..\FWLIB\src\stm32f4xx_wwdg.c            0x00000000   Number         0  stm32f4xx_wwdg.o ABSOLUTE
    ..\HARDWARE\ADC\drv_adc.c                0x00000000   Number         0  drv_adc.o ABSOLUTE
    ..\HARDWARE\GPIO\drv_gpio.c              0x00000000   Number         0  drv_gpio.o ABSOLUTE
    ..\HARDWARE\I2C\drv_i2c.c                0x00000000   Number         0  drv_i2c.o ABSOLUTE
    ..\HARDWARE\SPI\drv_spi.c                0x00000000   Number         0  drv_spi.o ABSOLUTE
    ..\HARDWARE\SYSTICK\drv_systick.c        0x00000000   Number         0  drv_systick.o ABSOLUTE
    ..\HARDWARE\TIMER\drv_timer.c            0x00000000   Number         0  drv_timer.o ABSOLUTE
    ..\HARDWARE\UART\drv_uart.c              0x00000000   Number         0  drv_uart.o ABSOLUTE
    ..\PERIPH\AD7190\bsp_ad7190.c            0x00000000   Number         0  bsp_ad7190.o ABSOLUTE
    ..\PERIPH\LED\bsp_led.c                  0x00000000   Number         0  bsp_led.o ABSOLUTE
    ..\PERIPH\OLED\bsp_oled.c                0x00000000   Number         0  bsp_oled.o ABSOLUTE
    ..\PERIPH\OLED\oled_font.c               0x00000000   Number         0  oled_font.o ABSOLUTE
    ..\\ALGORITHM\\DISTANCE\\distance.c      0x00000000   Number         0  distance.o ABSOLUTE
    ..\\ALGORITHM\\PROTOCOL\\protocol.c      0x00000000   Number         0  protocol.o ABSOLUTE
    ..\\FWLIB\\src\\misc.c                   0x00000000   Number         0  misc.o ABSOLUTE
    ..\\FWLIB\\src\\stm32f4xx_adc.c          0x00000000   Number         0  stm32f4xx_adc.o ABSOLUTE
    ..\\FWLIB\\src\\stm32f4xx_can.c          0x00000000   Number         0  stm32f4xx_can.o ABSOLUTE
    ..\\FWLIB\\src\\stm32f4xx_crc.c          0x00000000   Number         0  stm32f4xx_crc.o ABSOLUTE
    ..\\FWLIB\\src\\stm32f4xx_cryp.c         0x00000000   Number         0  stm32f4xx_cryp.o ABSOLUTE
    ..\\FWLIB\\src\\stm32f4xx_cryp_aes.c     0x00000000   Number         0  stm32f4xx_cryp_aes.o ABSOLUTE
    ..\\FWLIB\\src\\stm32f4xx_cryp_des.c     0x00000000   Number         0  stm32f4xx_cryp_des.o ABSOLUTE
    ..\\FWLIB\\src\\stm32f4xx_cryp_tdes.c    0x00000000   Number         0  stm32f4xx_cryp_tdes.o ABSOLUTE
    ..\\FWLIB\\src\\stm32f4xx_dac.c          0x00000000   Number         0  stm32f4xx_dac.o ABSOLUTE
    ..\\FWLIB\\src\\stm32f4xx_dbgmcu.c       0x00000000   Number         0  stm32f4xx_dbgmcu.o ABSOLUTE
    ..\\FWLIB\\src\\stm32f4xx_dcmi.c         0x00000000   Number         0  stm32f4xx_dcmi.o ABSOLUTE
    ..\\FWLIB\\src\\stm32f4xx_dma.c          0x00000000   Number         0  stm32f4xx_dma.o ABSOLUTE
    ..\\FWLIB\\src\\stm32f4xx_dma2d.c        0x00000000   Number         0  stm32f4xx_dma2d.o ABSOLUTE
    ..\\FWLIB\\src\\stm32f4xx_exti.c         0x00000000   Number         0  stm32f4xx_exti.o ABSOLUTE
    ..\\FWLIB\\src\\stm32f4xx_flash.c        0x00000000   Number         0  stm32f4xx_flash.o ABSOLUTE
    ..\\FWLIB\\src\\stm32f4xx_flash_ramfunc.c 0x00000000   Number         0  stm32f4xx_flash_ramfunc.o ABSOLUTE
    ..\\FWLIB\\src\\stm32f4xx_fsmc.c         0x00000000   Number         0  stm32f4xx_fsmc.o ABSOLUTE
    ..\\FWLIB\\src\\stm32f4xx_gpio.c         0x00000000   Number         0  stm32f4xx_gpio.o ABSOLUTE
    ..\\FWLIB\\src\\stm32f4xx_hash.c         0x00000000   Number         0  stm32f4xx_hash.o ABSOLUTE
    ..\\FWLIB\\src\\stm32f4xx_hash_md5.c     0x00000000   Number         0  stm32f4xx_hash_md5.o ABSOLUTE
    ..\\FWLIB\\src\\stm32f4xx_hash_sha1.c    0x00000000   Number         0  stm32f4xx_hash_sha1.o ABSOLUTE
    ..\\FWLIB\\src\\stm32f4xx_i2c.c          0x00000000   Number         0  stm32f4xx_i2c.o ABSOLUTE
    ..\\FWLIB\\src\\stm32f4xx_iwdg.c         0x00000000   Number         0  stm32f4xx_iwdg.o ABSOLUTE
    ..\\FWLIB\\src\\stm32f4xx_ltdc.c         0x00000000   Number         0  stm32f4xx_ltdc.o ABSOLUTE
    ..\\FWLIB\\src\\stm32f4xx_pwr.c          0x00000000   Number         0  stm32f4xx_pwr.o ABSOLUTE
    ..\\FWLIB\\src\\stm32f4xx_rcc.c          0x00000000   Number         0  stm32f4xx_rcc.o ABSOLUTE
    ..\\FWLIB\\src\\stm32f4xx_rng.c          0x00000000   Number         0  stm32f4xx_rng.o ABSOLUTE
    ..\\FWLIB\\src\\stm32f4xx_rtc.c          0x00000000   Number         0  stm32f4xx_rtc.o ABSOLUTE
    ..\\FWLIB\\src\\stm32f4xx_sai.c          0x00000000   Number         0  stm32f4xx_sai.o ABSOLUTE
    ..\\FWLIB\\src\\stm32f4xx_sdio.c         0x00000000   Number         0  stm32f4xx_sdio.o ABSOLUTE
    ..\\FWLIB\\src\\stm32f4xx_spi.c          0x00000000   Number         0  stm32f4xx_spi.o ABSOLUTE
    ..\\FWLIB\\src\\stm32f4xx_syscfg.c       0x00000000   Number         0  stm32f4xx_syscfg.o ABSOLUTE
    ..\\FWLIB\\src\\stm32f4xx_tim.c          0x00000000   Number         0  stm32f4xx_tim.o ABSOLUTE
    ..\\FWLIB\\src\\stm32f4xx_usart.c        0x00000000   Number         0  stm32f4xx_usart.o ABSOLUTE
    ..\\FWLIB\\src\\stm32f4xx_wwdg.c         0x00000000   Number         0  stm32f4xx_wwdg.o ABSOLUTE
    ..\\HARDWARE\\ADC\\drv_adc.c             0x00000000   Number         0  drv_adc.o ABSOLUTE
    ..\\HARDWARE\\GPIO\\drv_gpio.c           0x00000000   Number         0  drv_gpio.o ABSOLUTE
    ..\\HARDWARE\\I2C\\drv_i2c.c             0x00000000   Number         0  drv_i2c.o ABSOLUTE
    ..\\HARDWARE\\SPI\\drv_spi.c             0x00000000   Number         0  drv_spi.o ABSOLUTE
    ..\\HARDWARE\\SYSTICK\\drv_systick.c     0x00000000   Number         0  drv_systick.o ABSOLUTE
    ..\\HARDWARE\\TIMER\\drv_timer.c         0x00000000   Number         0  drv_timer.o ABSOLUTE
    ..\\HARDWARE\\UART\\drv_uart.c           0x00000000   Number         0  drv_uart.o ABSOLUTE
    ..\\PERIPH\\AD7190\\bsp_ad7190.c         0x00000000   Number         0  bsp_ad7190.o ABSOLUTE
    ..\\PERIPH\\LED\\bsp_led.c               0x00000000   Number         0  bsp_led.o ABSOLUTE
    ..\\PERIPH\\OLED\\bsp_oled.c             0x00000000   Number         0  bsp_oled.o ABSOLUTE
    dc.s                                     0x00000000   Number         0  dc.o ABSOLUTE
    init.c                                   0x00000000   Number         0  init.o ABSOLUTE
    init.c                                   0x00000000   Number         0  init.o ABSOLUTE
    main.c                                   0x00000000   Number         0  main.o ABSOLUTE
    main.c                                   0x00000000   Number         0  main.o ABSOLUTE
    stm32f4xx_it.c                           0x00000000   Number         0  stm32f4xx_it.o ABSOLUTE
    stm32f4xx_it.c                           0x00000000   Number         0  stm32f4xx_it.o ABSOLUTE
    system_stm32f4xx.c                       0x00000000   Number         0  system_stm32f4xx.o ABSOLUTE
    system_stm32f4xx.c                       0x00000000   Number         0  system_stm32f4xx.o ABSOLUTE
    RESET                                    0x08000000   Section      392  startup_stm32f40_41xxx.o(RESET)
    !!!main                                  0x08000188   Section        8  __main.o(!!!main)
    !!!scatter                               0x08000190   Section       52  __scatter.o(!!!scatter)
    !!handler_copy                           0x080001c4   Section       26  __scatter_copy.o(!!handler_copy)
    !!handler_zi                             0x080001e0   Section       28  __scatter_zi.o(!!handler_zi)
    .ARM.Collect$$_printf_percent$$00000000  0x080001fc   Section        0  _printf_percent.o(.ARM.Collect$$_printf_percent$$00000000)
    .ARM.Collect$$_printf_percent$$00000003  0x080001fc   Section        6  _printf_f.o(.ARM.Collect$$_printf_percent$$00000003)
    .ARM.Collect$$_printf_percent$$0000000C  0x08000202   Section        6  _printf_x.o(.ARM.Collect$$_printf_percent$$0000000C)
    .ARM.Collect$$_printf_percent$$00000017  0x08000208   Section        4  _printf_percent_end.o(.ARM.Collect$$_printf_percent$$00000017)
    .ARM.Collect$$libinit$$00000000          0x0800020c   Section        2  libinit.o(.ARM.Collect$$libinit$$00000000)
    .ARM.Collect$$libinit$$00000001          0x0800020e   Section        4  libinit2.o(.ARM.Collect$$libinit$$00000001)
    .ARM.Collect$$libinit$$00000004          0x08000212   Section        0  libinit2.o(.ARM.Collect$$libinit$$00000004)
    .ARM.Collect$$libinit$$0000000A          0x08000212   Section        0  libinit2.o(.ARM.Collect$$libinit$$0000000A)
    .ARM.Collect$$libinit$$0000000C          0x08000212   Section        0  libinit2.o(.ARM.Collect$$libinit$$0000000C)
    .ARM.Collect$$libinit$$0000000E          0x08000212   Section        0  libinit2.o(.ARM.Collect$$libinit$$0000000E)
    .ARM.Collect$$libinit$$0000000F          0x08000212   Section        6  libinit2.o(.ARM.Collect$$libinit$$0000000F)
    .ARM.Collect$$libinit$$00000011          0x08000218   Section        0  libinit2.o(.ARM.Collect$$libinit$$00000011)
    .ARM.Collect$$libinit$$00000013          0x08000218   Section        0  libinit2.o(.ARM.Collect$$libinit$$00000013)
    .ARM.Collect$$libinit$$00000015          0x08000218   Section        0  libinit2.o(.ARM.Collect$$libinit$$00000015)
    .ARM.Collect$$libinit$$00000016          0x08000218   Section       10  libinit2.o(.ARM.Collect$$libinit$$00000016)
    .ARM.Collect$$libinit$$00000017          0x08000222   Section        0  libinit2.o(.ARM.Collect$$libinit$$00000017)
    .ARM.Collect$$libinit$$00000019          0x08000222   Section        0  libinit2.o(.ARM.Collect$$libinit$$00000019)
    .ARM.Collect$$libinit$$0000001B          0x08000222   Section        0  libinit2.o(.ARM.Collect$$libinit$$0000001B)
    .ARM.Collect$$libinit$$0000001D          0x08000222   Section        0  libinit2.o(.ARM.Collect$$libinit$$0000001D)
    .ARM.Collect$$libinit$$0000001F          0x08000222   Section        0  libinit2.o(.ARM.Collect$$libinit$$0000001F)
    .ARM.Collect$$libinit$$00000021          0x08000222   Section        0  libinit2.o(.ARM.Collect$$libinit$$00000021)
    .ARM.Collect$$libinit$$00000023          0x08000222   Section        0  libinit2.o(.ARM.Collect$$libinit$$00000023)
    .ARM.Collect$$libinit$$00000025          0x08000222   Section        0  libinit2.o(.ARM.Collect$$libinit$$00000025)
    .ARM.Collect$$libinit$$0000002C          0x08000222   Section        0  libinit2.o(.ARM.Collect$$libinit$$0000002C)
    .ARM.Collect$$libinit$$0000002E          0x08000222   Section        0  libinit2.o(.ARM.Collect$$libinit$$0000002E)
    .ARM.Collect$$libinit$$00000030          0x08000222   Section        0  libinit2.o(.ARM.Collect$$libinit$$00000030)
    .ARM.Collect$$libinit$$00000032          0x08000222   Section        0  libinit2.o(.ARM.Collect$$libinit$$00000032)
    .ARM.Collect$$libinit$$00000033          0x08000222   Section        2  libinit2.o(.ARM.Collect$$libinit$$00000033)
    .ARM.Collect$$libshutdown$$00000000      0x08000224   Section        2  libshutdown.o(.ARM.Collect$$libshutdown$$00000000)
    .ARM.Collect$$libshutdown$$00000002      0x08000226   Section        0  libshutdown2.o(.ARM.Collect$$libshutdown$$00000002)
    .ARM.Collect$$libshutdown$$00000004      0x08000226   Section        0  libshutdown2.o(.ARM.Collect$$libshutdown$$00000004)
    .ARM.Collect$$libshutdown$$00000007      0x08000226   Section        0  libshutdown2.o(.ARM.Collect$$libshutdown$$00000007)
    .ARM.Collect$$libshutdown$$0000000A      0x08000226   Section        0  libshutdown2.o(.ARM.Collect$$libshutdown$$0000000A)
    .ARM.Collect$$libshutdown$$0000000C      0x08000226   Section        0  libshutdown2.o(.ARM.Collect$$libshutdown$$0000000C)
    .ARM.Collect$$libshutdown$$0000000F      0x08000226   Section        0  libshutdown2.o(.ARM.Collect$$libshutdown$$0000000F)
    .ARM.Collect$$libshutdown$$00000010      0x08000226   Section        2  libshutdown2.o(.ARM.Collect$$libshutdown$$00000010)
    .ARM.Collect$$rtentry$$00000000          0x08000228   Section        0  __rtentry.o(.ARM.Collect$$rtentry$$00000000)
    .ARM.Collect$$rtentry$$00000002          0x08000228   Section        0  __rtentry2.o(.ARM.Collect$$rtentry$$00000002)
    .ARM.Collect$$rtentry$$00000004          0x08000228   Section        6  __rtentry4.o(.ARM.Collect$$rtentry$$00000004)
    .ARM.Collect$$rtentry$$00000009          0x0800022e   Section        0  __rtentry2.o(.ARM.Collect$$rtentry$$00000009)
    .ARM.Collect$$rtentry$$0000000A          0x0800022e   Section        4  __rtentry2.o(.ARM.Collect$$rtentry$$0000000A)
    .ARM.Collect$$rtentry$$0000000C          0x08000232   Section        0  __rtentry2.o(.ARM.Collect$$rtentry$$0000000C)
    .ARM.Collect$$rtentry$$0000000D          0x08000232   Section        8  __rtentry2.o(.ARM.Collect$$rtentry$$0000000D)
    .ARM.Collect$$rtexit$$00000000           0x0800023a   Section        2  rtexit.o(.ARM.Collect$$rtexit$$00000000)
    .ARM.Collect$$rtexit$$00000002           0x0800023c   Section        0  rtexit2.o(.ARM.Collect$$rtexit$$00000002)
    .ARM.Collect$$rtexit$$00000003           0x0800023c   Section        4  rtexit2.o(.ARM.Collect$$rtexit$$00000003)
    .ARM.Collect$$rtexit$$00000004           0x08000240   Section        6  rtexit2.o(.ARM.Collect$$rtexit$$00000004)
    .text                                    0x08000248   Section       64  startup_stm32f40_41xxx.o(.text)
    $v0                                      0x08000248   Number         0  startup_stm32f40_41xxx.o(.text)
    .text                                    0x08000288   Section        0  noretval__2sprintf.o(.text)
    .text                                    0x080002b0   Section        0  __printf.o(.text)
    .text                                    0x08000318   Section        0  _printf_hex_int.o(.text)
    .text                                    0x08000370   Section        0  heapauxi.o(.text)
    .text                                    0x08000376   Section        0  _printf_intcommon.o(.text)
    .text                                    0x08000428   Section        0  _printf_fp_dec.o(.text)
    _fp_digits                               0x0800042b   Thumb Code   432  _printf_fp_dec.o(.text)
    .text                                    0x08000848   Section        0  _printf_char_common.o(.text)
    _printf_input_char                       0x08000849   Thumb Code    10  _printf_char_common.o(.text)
    .text                                    0x08000878   Section        0  _sputc.o(.text)
    .text                                    0x08000884   Section        8  rt_locale_intlibspace.o(.text)
    .text                                    0x0800088c   Section      138  lludiv10.o(.text)
    .text                                    0x08000918   Section        0  _printf_fp_infnan.o(.text)
    .text                                    0x08000998   Section        0  bigflt0.o(.text)
    .text                                    0x08000a7c   Section        8  libspace.o(.text)
    .text                                    0x08000a84   Section       74  sys_stackheap_outer.o(.text)
    .text                                    0x08000ace   Section        0  exit.o(.text)
    .text                                    0x08000ae0   Section      128  strcmpv7m.o(.text)
    .text                                    0x08000b60   Section        0  sys_exit.o(.text)
    .text                                    0x08000b6c   Section        2  use_no_semi.o(.text)
    .text                                    0x08000b6e   Section        0  indicate_semi.o(.text)
    CL$$btod_d2e                             0x08000b6e   Section       62  btod.o(CL$$btod_d2e)
    CL$$btod_d2e_denorm_low                  0x08000bac   Section       70  btod.o(CL$$btod_d2e_denorm_low)
    CL$$btod_d2e_norm_op1                    0x08000bf2   Section       96  btod.o(CL$$btod_d2e_norm_op1)
    CL$$btod_div_common                      0x08000c52   Section      824  btod.o(CL$$btod_div_common)
    CL$$btod_e2e                             0x08000f8a   Section      220  btod.o(CL$$btod_e2e)
    CL$$btod_ediv                            0x08001066   Section       42  btod.o(CL$$btod_ediv)
    CL$$btod_emul                            0x08001090   Section       42  btod.o(CL$$btod_emul)
    CL$$btod_mult_common                     0x080010ba   Section      580  btod.o(CL$$btod_mult_common)
    i.AD7190_Calibrate                       0x080012fe   Section        0  bsp_ad7190.o(i.AD7190_Calibrate)
    i.AD7190_ChannelSelect                   0x08001338   Section        0  bsp_ad7190.o(i.AD7190_ChannelSelect)
    i.AD7190_ChopSetting                     0x08001364   Section        0  bsp_ad7190.o(i.AD7190_ChopSetting)
    i.AD7190_Continuous_ReadData             0x08001390   Section        0  bsp_ad7190.o(i.AD7190_Continuous_ReadData)
    i.AD7190_GetRegisterValue                0x080013b6   Section        0  bsp_ad7190.o(i.AD7190_GetRegisterValue)
    i.AD7190_Init                            0x08001404   Section        0  bsp_ad7190.o(i.AD7190_Init)
    i.AD7190_MultiChannelSelect              0x08001450   Section        0  bsp_ad7190.o(i.AD7190_MultiChannelSelect)
    i.AD7190_RangeSetup                      0x08001478   Section        0  bsp_ad7190.o(i.AD7190_RangeSetup)
    i.AD7190_Reset                           0x080014ae   Section        0  bsp_ad7190.o(i.AD7190_Reset)
    i.AD7190_SetRegisterValue                0x080014e2   Section        0  bsp_ad7190.o(i.AD7190_SetRegisterValue)
    i.AD7190_Unipolar_Multichannel_Conf      0x08001524   Section        0  bsp_ad7190.o(i.AD7190_Unipolar_Multichannel_Conf)
    i.AD7190_WaitRdyGoLow                    0x08001594   Section        0  bsp_ad7190.o(i.AD7190_WaitRdyGoLow)
    i.BusFault_Handler                       0x080015b4   Section        0  stm32f4xx_it.o(i.BusFault_Handler)
    i.DebugMon_Handler                       0x080015b8   Section        0  stm32f4xx_it.o(i.DebugMon_Handler)
    i.GPIO_Format_Init                       0x080015bc   Section        0  drv_gpio.o(i.GPIO_Format_Init)
    i.GPIO_Init                              0x080017dc   Section        0  stm32f4xx_gpio.o(i.GPIO_Init)
    i.GPIO_PinAFConfig                       0x0800186c   Section        0  stm32f4xx_gpio.o(i.GPIO_PinAFConfig)
    i.GPIO_ResetBits                         0x080018b2   Section        0  stm32f4xx_gpio.o(i.GPIO_ResetBits)
    i.GPIO_SetBits                           0x080018b6   Section        0  stm32f4xx_gpio.o(i.GPIO_SetBits)
    i.Get_ADC_flag                           0x080018bc   Section        0  bsp_ad7190.o(i.Get_ADC_flag)
    i.Get_ad7190_data                        0x080018c8   Section        0  bsp_ad7190.o(i.Get_ad7190_data)
    i.Get_bias_data                          0x080018d0   Section        0  bsp_ad7190.o(i.Get_bias_data)
    i.Get_number                             0x080018d8   Section        0  bsp_ad7190.o(i.Get_number)
    i.Get_voltage_data                       0x080018e4   Section        0  bsp_ad7190.o(i.Get_voltage_data)
    i.HardFault_Handler                      0x080018ec   Section        0  stm32f4xx_it.o(i.HardFault_Handler)
    i.LED_Init                               0x080018f0   Section        0  bsp_led.o(i.LED_Init)
    i.LED_Task                               0x08001914   Section        0  bsp_led.o(i.LED_Task)
    i.MemManage_Handler                      0x08001964   Section        0  stm32f4xx_it.o(i.MemManage_Handler)
    i.NMI_Handler                            0x08001968   Section        0  stm32f4xx_it.o(i.NMI_Handler)
    i.NVIC_Init                              0x0800196c   Section        0  misc.o(i.NVIC_Init)
    i.NVIC_PriorityGroupConfig               0x080019e4   Section        0  misc.o(i.NVIC_PriorityGroupConfig)
    i.PendSV_Handler                         0x080019f8   Section        0  stm32f4xx_it.o(i.PendSV_Handler)
    i.RCC_AHB1PeriphClockCmd                 0x080019fc   Section        0  stm32f4xx_rcc.o(i.RCC_AHB1PeriphClockCmd)
    i.RCC_APB1PeriphClockCmd                 0x08001a1c   Section        0  stm32f4xx_rcc.o(i.RCC_APB1PeriphClockCmd)
    i.RCC_APB1PeriphResetCmd                 0x08001a3c   Section        0  stm32f4xx_rcc.o(i.RCC_APB1PeriphResetCmd)
    i.RCC_APB2PeriphClockCmd                 0x08001a5c   Section        0  stm32f4xx_rcc.o(i.RCC_APB2PeriphClockCmd)
    i.RCC_APB2PeriphResetCmd                 0x08001a7c   Section        0  stm32f4xx_rcc.o(i.RCC_APB2PeriphResetCmd)
    i.RCC_GetClocksFreq                      0x08001a9c   Section        0  stm32f4xx_rcc.o(i.RCC_GetClocksFreq)
    i.SPI_Cmd                                0x08001b84   Section        0  stm32f4xx_spi.o(i.SPI_Cmd)
    i.SPI_I2S_DeInit                         0x08001b9c   Section        0  stm32f4xx_spi.o(i.SPI_I2S_DeInit)
    i.SPI_I2S_GetFlagStatus                  0x08001c4c   Section        0  stm32f4xx_spi.o(i.SPI_I2S_GetFlagStatus)
    i.SPI_Init                               0x08001c5e   Section        0  stm32f4xx_spi.o(i.SPI_Init)
    i.SVC_Handler                            0x08001c9a   Section        0  stm32f4xx_it.o(i.SVC_Handler)
    i.Serial_Send                            0x08001c9c   Section        0  drv_uart.o(i.Serial_Send)
    i.Serial_SendByte                        0x08001e44   Section        0  drv_uart.o(i.Serial_SendByte)
    i.SetSysClock                            0x08001e64   Section        0  system_stm32f4xx.o(i.SetSysClock)
    SetSysClock                              0x08001e65   Thumb Code   220  system_stm32f4xx.o(i.SetSysClock)
    i.Set_ADC_flag                           0x08001f50   Section        0  bsp_ad7190.o(i.Set_ADC_flag)
    i.Set_ad7190_data                        0x08001f5c   Section        0  bsp_ad7190.o(i.Set_ad7190_data)
    i.Set_bias_data                          0x08001f7c   Section        0  bsp_ad7190.o(i.Set_bias_data)
    i.Set_number                             0x08001f9c   Section        0  bsp_ad7190.o(i.Set_number)
    i.Set_voltage_data                       0x08001fa8   Section        0  bsp_ad7190.o(i.Set_voltage_data)
    i.SysTick_Handler                        0x08001fd0   Section        0  stm32f4xx_it.o(i.SysTick_Handler)
    i.SysTick_Init                           0x08001fe8   Section        0  drv_systick.o(i.SysTick_Init)
    i.SystemInit                             0x08002018   Section        0  system_stm32f4xx.o(i.SystemInit)
    i.System_Init                            0x08002080   Section        0  init.o(i.System_Init)
    i.TIM2_IRQHandler                        0x08002184   Section        0  stm32f4xx_it.o(i.TIM2_IRQHandler)
    i.TIM2_Init                              0x080021a4   Section        0  drv_timer.o(i.TIM2_Init)
    i.TIM3_IRQHandler                        0x080021fc   Section        0  stm32f4xx_it.o(i.TIM3_IRQHandler)
    i.TIM3_Init                              0x08002448   Section        0  drv_timer.o(i.TIM3_Init)
    i.TIM_ClearITPendingBit                  0x080024a4   Section        0  stm32f4xx_tim.o(i.TIM_ClearITPendingBit)
    i.TIM_Cmd                                0x080024aa   Section        0  stm32f4xx_tim.o(i.TIM_Cmd)
    i.TIM_GetITStatus                        0x080024c2   Section        0  stm32f4xx_tim.o(i.TIM_GetITStatus)
    i.TIM_ITConfig                           0x080024e4   Section        0  stm32f4xx_tim.o(i.TIM_ITConfig)
    i.TIM_TimeBaseInit                       0x080024f8   Section        0  stm32f4xx_tim.o(i.TIM_TimeBaseInit)
    i.USART1_IRQHandler                      0x0800257c   Section        0  stm32f4xx_it.o(i.USART1_IRQHandler)
    i.USART1_Init                            0x08002598   Section        0  drv_uart.o(i.USART1_Init)
    i.USART2_IRQHandler                      0x08002648   Section        0  stm32f4xx_it.o(i.USART2_IRQHandler)
    i.USART2_Init                            0x08002664   Section        0  drv_uart.o(i.USART2_Init)
    i.USART3_IRQHandler                      0x08002710   Section        0  stm32f4xx_it.o(i.USART3_IRQHandler)
    i.USART6_IRQHandler                      0x0800272c   Section        0  stm32f4xx_it.o(i.USART6_IRQHandler)
    i.USART_ClearITPendingBit                0x08002748   Section        0  stm32f4xx_usart.o(i.USART_ClearITPendingBit)
    i.USART_Cmd                              0x08002766   Section        0  stm32f4xx_usart.o(i.USART_Cmd)
    i.USART_GetFlagStatus                    0x0800277e   Section        0  stm32f4xx_usart.o(i.USART_GetFlagStatus)
    i.USART_ITConfig                         0x08002798   Section        0  stm32f4xx_usart.o(i.USART_ITConfig)
    i.USART_Init                             0x080027e4   Section        0  stm32f4xx_usart.o(i.USART_Init)
    i.USART_SendData                         0x080028b8   Section        0  stm32f4xx_usart.o(i.USART_SendData)
    i.UsageFault_Handler                     0x080028c0   Section        0  stm32f4xx_it.o(i.UsageFault_Handler)
    i.__ARM_fpclassify                       0x080028c4   Section        0  fpclassify.o(i.__ARM_fpclassify)
    i.delay_ms                               0x080028f4   Section        0  drv_systick.o(i.delay_ms)
    i.delay_us                               0x08002938   Section        0  drv_systick.o(i.delay_us)
    i.drv_spi_init                           0x08002974   Section        0  drv_spi.o(i.drv_spi_init)
    i.drv_spi_read_write_byte                0x08002a38   Section        0  drv_spi.o(i.drv_spi_read_write_byte)
    i.drv_spi_read_write_string              0x08002a8c   Section        0  drv_spi.o(i.drv_spi_read_write_string)
    i.itoa                                   0x08002ac4   Section        0  drv_uart.o(i.itoa)
    i.main                                   0x08002b2c   Section        0  main.o(i.main)
    locale$$code                             0x08002b54   Section       44  lc_numeric_c.o(locale$$code)
    x$fpl$ddiv                               0x08002b80   Section      688  ddiv.o(x$fpl$ddiv)
    $v0                                      0x08002b80   Number         0  ddiv.o(x$fpl$ddiv)
    ddiv_entry                               0x08002b87   Thumb Code     0  ddiv.o(x$fpl$ddiv)
    x$fpl$dflt                               0x08002e30   Section       46  dflt_clz.o(x$fpl$dflt)
    $v0                                      0x08002e30   Number         0  dflt_clz.o(x$fpl$dflt)
    x$fpl$dmul                               0x08002e60   Section      340  dmul.o(x$fpl$dmul)
    $v0                                      0x08002e60   Number         0  dmul.o(x$fpl$dmul)
    x$fpl$dnaninf                            0x08002fb4   Section      156  dnaninf.o(x$fpl$dnaninf)
    $v0                                      0x08002fb4   Number         0  dnaninf.o(x$fpl$dnaninf)
    x$fpl$dretinf                            0x08003050   Section       12  dretinf.o(x$fpl$dretinf)
    $v0                                      0x08003050   Number         0  dretinf.o(x$fpl$dretinf)
    x$fpl$fpinit                             0x0800305c   Section       10  fpinit.o(x$fpl$fpinit)
    $v0                                      0x0800305c   Number         0  fpinit.o(x$fpl$fpinit)
    x$fpl$printf1                            0x08003066   Section        4  printf1.o(x$fpl$printf1)
    $v0                                      0x08003066   Number         0  printf1.o(x$fpl$printf1)
    .constdata                               0x0800306a   Section       40  _printf_hex_int.o(.constdata)
    x$fpl$usenofp                            0x0800306a   Section        0  usenofp.o(x$fpl$usenofp)
    uc_hextab                                0x0800306a   Data          20  _printf_hex_int.o(.constdata)
    lc_hextab                                0x0800307e   Data          20  _printf_hex_int.o(.constdata)
    .constdata                               0x08003094   Section      148  bigflt0.o(.constdata)
    tenpwrs_x                                0x08003094   Data          60  bigflt0.o(.constdata)
    tenpwrs_i                                0x080030d0   Data          64  bigflt0.o(.constdata)
    locale$$data                             0x08003148   Section       28  lc_numeric_c.o(locale$$data)
    __lcnum_c_name                           0x0800314c   Data           2  lc_numeric_c.o(locale$$data)
    __lcnum_c_start                          0x08003154   Data           0  lc_numeric_c.o(locale$$data)
    __lcnum_c_point                          0x08003160   Data           0  lc_numeric_c.o(locale$$data)
    __lcnum_c_thousands                      0x08003162   Data           0  lc_numeric_c.o(locale$$data)
    __lcnum_c_grouping                       0x08003163   Data           0  lc_numeric_c.o(locale$$data)
    __lcnum_c_end                            0x08003164   Data           0  lc_numeric_c.o(locale$$data)
    .data                                    0x20000000   Section       20  system_stm32f4xx.o(.data)
    .data                                    0x20000014   Section        5  stm32f4xx_it.o(.data)
    sample                                   0x20000014   Data           4  stm32f4xx_it.o(.data)
    temp                                     0x20000018   Data           1  stm32f4xx_it.o(.data)
    .data                                    0x2000001c   Section        4  drv_systick.o(.data)
    .data                                    0x20000020   Section        4  bsp_led.o(.data)
    i                                        0x20000020   Data           2  bsp_led.o(.data)
    Flag                                     0x20000022   Data           2  bsp_led.o(.data)
    .data                                    0x20000024   Section        2  bsp_ad7190.o(.data)
    .data                                    0x20000026   Section       16  stm32f4xx_rcc.o(.data)
    APBAHBPrescTable                         0x20000026   Data          16  stm32f4xx_rcc.o(.data)
    .bss                                     0x20000038   Section       48  stm32f4xx_it.o(.bss)
    Ad7190_Data                              0x20000038   Data          16  stm32f4xx_it.o(.bss)
    Voltage_Data                             0x20000048   Data          32  stm32f4xx_it.o(.bss)
    .bss                                     0x20000068   Section       64  bsp_ad7190.o(.bss)
    .bss                                     0x200000a8   Section       96  libspace.o(.bss)
    HEAP                                     0x20000108   Section      512  startup_stm32f40_41xxx.o(HEAP)
    Heap_Mem                                 0x20000108   Data         512  startup_stm32f40_41xxx.o(HEAP)
    STACK                                    0x20000308   Section     1024  startup_stm32f40_41xxx.o(STACK)
    Stack_Mem                                0x20000308   Data        1024  startup_stm32f40_41xxx.o(STACK)
    __initial_sp                             0x20000708   Data           0  startup_stm32f40_41xxx.o(STACK)

    Global Symbols

    Symbol Name                              Value     Ov Type        Size  Object(Section)

    BuildAttributes$$THM_ISAv4$E$P$D$K$B$S$7EM$VFPi3$EXTD16$VFPS$VFMA$PE$A:L22UL41UL21$X:L11$S22US41US21$IEEE1$IW$USESV6$~STKCKD$USESV7$~SHL$OTIME$ROPI$IEEEX$EBA8$UX$STANDARDLIB$REQ8$PRES8$EABIv2 0x00000000   Number         0  anon$$obj.o ABSOLUTE
    __ARM_use_no_argv                        0x00000000   Number         0  main.o ABSOLUTE
    __ARM_exceptions_init                     - Undefined Weak Reference
    __alloca_initialize                       - Undefined Weak Reference
    __arm_preinit_                            - Undefined Weak Reference
    __cpp_initialize__aeabi_                  - Undefined Weak Reference
    __cxa_finalize                            - Undefined Weak Reference
    __sigvec_lookup                           - Undefined Weak Reference
    _atexit_init                              - Undefined Weak Reference
    _call_atexit_fns                          - Undefined Weak Reference
    _clock_init                               - Undefined Weak Reference
    _fp_trap_init                             - Undefined Weak Reference
    _fp_trap_shutdown                         - Undefined Weak Reference
    _get_lc_collate                           - Undefined Weak Reference
    _get_lc_ctype                             - Undefined Weak Reference
    _get_lc_monetary                          - Undefined Weak Reference
    _get_lc_time                              - Undefined Weak Reference
    _getenv_init                              - Undefined Weak Reference
    _handle_redirection                       - Undefined Weak Reference
    _init_alloc                               - Undefined Weak Reference
    _init_user_alloc                          - Undefined Weak Reference
    _initio                                   - Undefined Weak Reference
    _printf_post_padding                      - Undefined Weak Reference
    _printf_pre_padding                       - Undefined Weak Reference
    _printf_truncate_signed                   - Undefined Weak Reference
    _printf_truncate_unsigned                 - Undefined Weak Reference
    _rand_init                                - Undefined Weak Reference
    _signal_finish                            - Undefined Weak Reference
    _signal_init                              - Undefined Weak Reference
    _terminate_alloc                          - Undefined Weak Reference
    _terminate_user_alloc                     - Undefined Weak Reference
    _terminateio                              - Undefined Weak Reference
    __Vectors_Size                           0x00000188   Number         0  startup_stm32f40_41xxx.o ABSOLUTE
    __Vectors                                0x08000000   Data           4  startup_stm32f40_41xxx.o(RESET)
    __Vectors_End                            0x08000188   Data           0  startup_stm32f40_41xxx.o(RESET)
    __main                                   0x08000189   Thumb Code     8  __main.o(!!!main)
    __scatterload                            0x08000191   Thumb Code     0  __scatter.o(!!!scatter)
    __scatterload_rt2                        0x08000191   Thumb Code    44  __scatter.o(!!!scatter)
    __scatterload_rt2_thumb_only             0x08000191   Thumb Code     0  __scatter.o(!!!scatter)
    __scatterload_null                       0x0800019f   Thumb Code     0  __scatter.o(!!!scatter)
    __scatterload_copy                       0x080001c5   Thumb Code    26  __scatter_copy.o(!!handler_copy)
    __scatterload_zeroinit                   0x080001e1   Thumb Code    28  __scatter_zi.o(!!handler_zi)
    _printf_f                                0x080001fd   Thumb Code     0  _printf_f.o(.ARM.Collect$$_printf_percent$$00000003)
    _printf_percent                          0x080001fd   Thumb Code     0  _printf_percent.o(.ARM.Collect$$_printf_percent$$00000000)
    _printf_x                                0x08000203   Thumb Code     0  _printf_x.o(.ARM.Collect$$_printf_percent$$0000000C)
    _printf_percent_end                      0x08000209   Thumb Code     0  _printf_percent_end.o(.ARM.Collect$$_printf_percent$$00000017)
    __rt_lib_init                            0x0800020d   Thumb Code     0  libinit.o(.ARM.Collect$$libinit$$00000000)
    __rt_lib_init_fp_1                       0x0800020f   Thumb Code     0  libinit2.o(.ARM.Collect$$libinit$$00000001)
    __rt_lib_init_heap_1                     0x08000213   Thumb Code     0  libinit2.o(.ARM.Collect$$libinit$$0000000A)
    __rt_lib_init_lc_common                  0x08000213   Thumb Code     0  libinit2.o(.ARM.Collect$$libinit$$0000000F)
    __rt_lib_init_preinit_1                  0x08000213   Thumb Code     0  libinit2.o(.ARM.Collect$$libinit$$00000004)
    __rt_lib_init_rand_1                     0x08000213   Thumb Code     0  libinit2.o(.ARM.Collect$$libinit$$0000000E)
    __rt_lib_init_user_alloc_1               0x08000213   Thumb Code     0  libinit2.o(.ARM.Collect$$libinit$$0000000C)
    __rt_lib_init_lc_collate_1               0x08000219   Thumb Code     0  libinit2.o(.ARM.Collect$$libinit$$00000011)
    __rt_lib_init_lc_ctype_1                 0x08000219   Thumb Code     0  libinit2.o(.ARM.Collect$$libinit$$00000013)
    __rt_lib_init_lc_monetary_1              0x08000219   Thumb Code     0  libinit2.o(.ARM.Collect$$libinit$$00000015)
    __rt_lib_init_lc_numeric_2               0x08000219   Thumb Code     0  libinit2.o(.ARM.Collect$$libinit$$00000016)
    __rt_lib_init_alloca_1                   0x08000223   Thumb Code     0  libinit2.o(.ARM.Collect$$libinit$$0000002E)
    __rt_lib_init_argv_1                     0x08000223   Thumb Code     0  libinit2.o(.ARM.Collect$$libinit$$0000002C)
    __rt_lib_init_atexit_1                   0x08000223   Thumb Code     0  libinit2.o(.ARM.Collect$$libinit$$0000001B)
    __rt_lib_init_clock_1                    0x08000223   Thumb Code     0  libinit2.o(.ARM.Collect$$libinit$$00000021)
    __rt_lib_init_cpp_1                      0x08000223   Thumb Code     0  libinit2.o(.ARM.Collect$$libinit$$00000032)
    __rt_lib_init_exceptions_1               0x08000223   Thumb Code     0  libinit2.o(.ARM.Collect$$libinit$$00000030)
    __rt_lib_init_fp_trap_1                  0x08000223   Thumb Code     0  libinit2.o(.ARM.Collect$$libinit$$0000001F)
    __rt_lib_init_getenv_1                   0x08000223   Thumb Code     0  libinit2.o(.ARM.Collect$$libinit$$00000023)
    __rt_lib_init_lc_numeric_1               0x08000223   Thumb Code     0  libinit2.o(.ARM.Collect$$libinit$$00000017)
    __rt_lib_init_lc_time_1                  0x08000223   Thumb Code     0  libinit2.o(.ARM.Collect$$libinit$$00000019)
    __rt_lib_init_return                     0x08000223   Thumb Code     0  libinit2.o(.ARM.Collect$$libinit$$00000033)
    __rt_lib_init_signal_1                   0x08000223   Thumb Code     0  libinit2.o(.ARM.Collect$$libinit$$0000001D)
    __rt_lib_init_stdio_1                    0x08000223   Thumb Code     0  libinit2.o(.ARM.Collect$$libinit$$00000025)
    __rt_lib_shutdown                        0x08000225   Thumb Code     0  libshutdown.o(.ARM.Collect$$libshutdown$$00000000)
    __rt_lib_shutdown_cpp_1                  0x08000227   Thumb Code     0  libshutdown2.o(.ARM.Collect$$libshutdown$$00000002)
    __rt_lib_shutdown_fp_trap_1              0x08000227   Thumb Code     0  libshutdown2.o(.ARM.Collect$$libshutdown$$00000007)
    __rt_lib_shutdown_heap_1                 0x08000227   Thumb Code     0  libshutdown2.o(.ARM.Collect$$libshutdown$$0000000F)
    __rt_lib_shutdown_return                 0x08000227   Thumb Code     0  libshutdown2.o(.ARM.Collect$$libshutdown$$00000010)
    __rt_lib_shutdown_signal_1               0x08000227   Thumb Code     0  libshutdown2.o(.ARM.Collect$$libshutdown$$0000000A)
    __rt_lib_shutdown_stdio_1                0x08000227   Thumb Code     0  libshutdown2.o(.ARM.Collect$$libshutdown$$00000004)
    __rt_lib_shutdown_user_alloc_1           0x08000227   Thumb Code     0  libshutdown2.o(.ARM.Collect$$libshutdown$$0000000C)
    __rt_entry                               0x08000229   Thumb Code     0  __rtentry.o(.ARM.Collect$$rtentry$$00000000)
    __rt_entry_presh_1                       0x08000229   Thumb Code     0  __rtentry2.o(.ARM.Collect$$rtentry$$00000002)
    __rt_entry_sh                            0x08000229   Thumb Code     0  __rtentry4.o(.ARM.Collect$$rtentry$$00000004)
    __rt_entry_li                            0x0800022f   Thumb Code     0  __rtentry2.o(.ARM.Collect$$rtentry$$0000000A)
    __rt_entry_postsh_1                      0x0800022f   Thumb Code     0  __rtentry2.o(.ARM.Collect$$rtentry$$00000009)
    __rt_entry_main                          0x08000233   Thumb Code     0  __rtentry2.o(.ARM.Collect$$rtentry$$0000000D)
    __rt_entry_postli_1                      0x08000233   Thumb Code     0  __rtentry2.o(.ARM.Collect$$rtentry$$0000000C)
    __rt_exit                                0x0800023b   Thumb Code     0  rtexit.o(.ARM.Collect$$rtexit$$00000000)
    __rt_exit_ls                             0x0800023d   Thumb Code     0  rtexit2.o(.ARM.Collect$$rtexit$$00000003)
    __rt_exit_prels_1                        0x0800023d   Thumb Code     0  rtexit2.o(.ARM.Collect$$rtexit$$00000002)
    __rt_exit_exit                           0x08000241   Thumb Code     0  rtexit2.o(.ARM.Collect$$rtexit$$00000004)
    Reset_Handler                            0x08000249   Thumb Code     8  startup_stm32f40_41xxx.o(.text)
    ADC_IRQHandler                           0x08000263   Thumb Code     0  startup_stm32f40_41xxx.o(.text)
    CAN1_RX0_IRQHandler                      0x08000263   Thumb Code     0  startup_stm32f40_41xxx.o(.text)
    CAN1_RX1_IRQHandler                      0x08000263   Thumb Code     0  startup_stm32f40_41xxx.o(.text)
    CAN1_SCE_IRQHandler                      0x08000263   Thumb Code     0  startup_stm32f40_41xxx.o(.text)
    CAN1_TX_IRQHandler                       0x08000263   Thumb Code     0  startup_stm32f40_41xxx.o(.text)
    CAN2_RX0_IRQHandler                      0x08000263   Thumb Code     0  startup_stm32f40_41xxx.o(.text)
    CAN2_RX1_IRQHandler                      0x08000263   Thumb Code     0  startup_stm32f40_41xxx.o(.text)
    CAN2_SCE_IRQHandler                      0x08000263   Thumb Code     0  startup_stm32f40_41xxx.o(.text)
    CAN2_TX_IRQHandler                       0x08000263   Thumb Code     0  startup_stm32f40_41xxx.o(.text)
    CRYP_IRQHandler                          0x08000263   Thumb Code     0  startup_stm32f40_41xxx.o(.text)
    DCMI_IRQHandler                          0x08000263   Thumb Code     0  startup_stm32f40_41xxx.o(.text)
    DMA1_Stream0_IRQHandler                  0x08000263   Thumb Code     0  startup_stm32f40_41xxx.o(.text)
    DMA1_Stream1_IRQHandler                  0x08000263   Thumb Code     0  startup_stm32f40_41xxx.o(.text)
    DMA1_Stream2_IRQHandler                  0x08000263   Thumb Code     0  startup_stm32f40_41xxx.o(.text)
    DMA1_Stream3_IRQHandler                  0x08000263   Thumb Code     0  startup_stm32f40_41xxx.o(.text)
    DMA1_Stream4_IRQHandler                  0x08000263   Thumb Code     0  startup_stm32f40_41xxx.o(.text)
    DMA1_Stream5_IRQHandler                  0x08000263   Thumb Code     0  startup_stm32f40_41xxx.o(.text)
    DMA1_Stream6_IRQHandler                  0x08000263   Thumb Code     0  startup_stm32f40_41xxx.o(.text)
    DMA1_Stream7_IRQHandler                  0x08000263   Thumb Code     0  startup_stm32f40_41xxx.o(.text)
    DMA2_Stream0_IRQHandler                  0x08000263   Thumb Code     0  startup_stm32f40_41xxx.o(.text)
    DMA2_Stream1_IRQHandler                  0x08000263   Thumb Code     0  startup_stm32f40_41xxx.o(.text)
    DMA2_Stream2_IRQHandler                  0x08000263   Thumb Code     0  startup_stm32f40_41xxx.o(.text)
    DMA2_Stream3_IRQHandler                  0x08000263   Thumb Code     0  startup_stm32f40_41xxx.o(.text)
    DMA2_Stream4_IRQHandler                  0x08000263   Thumb Code     0  startup_stm32f40_41xxx.o(.text)
    DMA2_Stream5_IRQHandler                  0x08000263   Thumb Code     0  startup_stm32f40_41xxx.o(.text)
    DMA2_Stream6_IRQHandler                  0x08000263   Thumb Code     0  startup_stm32f40_41xxx.o(.text)
    DMA2_Stream7_IRQHandler                  0x08000263   Thumb Code     0  startup_stm32f40_41xxx.o(.text)
    ETH_IRQHandler                           0x08000263   Thumb Code     0  startup_stm32f40_41xxx.o(.text)
    ETH_WKUP_IRQHandler                      0x08000263   Thumb Code     0  startup_stm32f40_41xxx.o(.text)
    EXTI0_IRQHandler                         0x08000263   Thumb Code     0  startup_stm32f40_41xxx.o(.text)
    EXTI15_10_IRQHandler                     0x08000263   Thumb Code     0  startup_stm32f40_41xxx.o(.text)
    EXTI1_IRQHandler                         0x08000263   Thumb Code     0  startup_stm32f40_41xxx.o(.text)
    EXTI2_IRQHandler                         0x08000263   Thumb Code     0  startup_stm32f40_41xxx.o(.text)
    EXTI3_IRQHandler                         0x08000263   Thumb Code     0  startup_stm32f40_41xxx.o(.text)
    EXTI4_IRQHandler                         0x08000263   Thumb Code     0  startup_stm32f40_41xxx.o(.text)
    EXTI9_5_IRQHandler                       0x08000263   Thumb Code     0  startup_stm32f40_41xxx.o(.text)
    FLASH_IRQHandler                         0x08000263   Thumb Code     0  startup_stm32f40_41xxx.o(.text)
    FPU_IRQHandler                           0x08000263   Thumb Code     0  startup_stm32f40_41xxx.o(.text)
    FSMC_IRQHandler                          0x08000263   Thumb Code     0  startup_stm32f40_41xxx.o(.text)
    HASH_RNG_IRQHandler                      0x08000263   Thumb Code     0  startup_stm32f40_41xxx.o(.text)
    I2C1_ER_IRQHandler                       0x08000263   Thumb Code     0  startup_stm32f40_41xxx.o(.text)
    I2C1_EV_IRQHandler                       0x08000263   Thumb Code     0  startup_stm32f40_41xxx.o(.text)
    I2C2_ER_IRQHandler                       0x08000263   Thumb Code     0  startup_stm32f40_41xxx.o(.text)
    I2C2_EV_IRQHandler                       0x08000263   Thumb Code     0  startup_stm32f40_41xxx.o(.text)
    I2C3_ER_IRQHandler                       0x08000263   Thumb Code     0  startup_stm32f40_41xxx.o(.text)
    I2C3_EV_IRQHandler                       0x08000263   Thumb Code     0  startup_stm32f40_41xxx.o(.text)
    OTG_FS_IRQHandler                        0x08000263   Thumb Code     0  startup_stm32f40_41xxx.o(.text)
    OTG_FS_WKUP_IRQHandler                   0x08000263   Thumb Code     0  startup_stm32f40_41xxx.o(.text)
    OTG_HS_EP1_IN_IRQHandler                 0x08000263   Thumb Code     0  startup_stm32f40_41xxx.o(.text)
    OTG_HS_EP1_OUT_IRQHandler                0x08000263   Thumb Code     0  startup_stm32f40_41xxx.o(.text)
    OTG_HS_IRQHandler                        0x08000263   Thumb Code     0  startup_stm32f40_41xxx.o(.text)
    OTG_HS_WKUP_IRQHandler                   0x08000263   Thumb Code     0  startup_stm32f40_41xxx.o(.text)
    PVD_IRQHandler                           0x08000263   Thumb Code     0  startup_stm32f40_41xxx.o(.text)
    RCC_IRQHandler                           0x08000263   Thumb Code     0  startup_stm32f40_41xxx.o(.text)
    RTC_Alarm_IRQHandler                     0x08000263   Thumb Code     0  startup_stm32f40_41xxx.o(.text)
    RTC_WKUP_IRQHandler                      0x08000263   Thumb Code     0  startup_stm32f40_41xxx.o(.text)
    SDIO_IRQHandler                          0x08000263   Thumb Code     0  startup_stm32f40_41xxx.o(.text)
    SPI1_IRQHandler                          0x08000263   Thumb Code     0  startup_stm32f40_41xxx.o(.text)
    SPI2_IRQHandler                          0x08000263   Thumb Code     0  startup_stm32f40_41xxx.o(.text)
    SPI3_IRQHandler                          0x08000263   Thumb Code     0  startup_stm32f40_41xxx.o(.text)
    TAMP_STAMP_IRQHandler                    0x08000263   Thumb Code     0  startup_stm32f40_41xxx.o(.text)
    TIM1_BRK_TIM9_IRQHandler                 0x08000263   Thumb Code     0  startup_stm32f40_41xxx.o(.text)
    TIM1_CC_IRQHandler                       0x08000263   Thumb Code     0  startup_stm32f40_41xxx.o(.text)
    TIM1_TRG_COM_TIM11_IRQHandler            0x08000263   Thumb Code     0  startup_stm32f40_41xxx.o(.text)
    TIM1_UP_TIM10_IRQHandler                 0x08000263   Thumb Code     0  startup_stm32f40_41xxx.o(.text)
    TIM4_IRQHandler                          0x08000263   Thumb Code     0  startup_stm32f40_41xxx.o(.text)
    TIM5_IRQHandler                          0x08000263   Thumb Code     0  startup_stm32f40_41xxx.o(.text)
    TIM6_DAC_IRQHandler                      0x08000263   Thumb Code     0  startup_stm32f40_41xxx.o(.text)
    TIM7_IRQHandler                          0x08000263   Thumb Code     0  startup_stm32f40_41xxx.o(.text)
    TIM8_BRK_TIM12_IRQHandler                0x08000263   Thumb Code     0  startup_stm32f40_41xxx.o(.text)
    TIM8_CC_IRQHandler                       0x08000263   Thumb Code     0  startup_stm32f40_41xxx.o(.text)
    TIM8_TRG_COM_TIM14_IRQHandler            0x08000263   Thumb Code     0  startup_stm32f40_41xxx.o(.text)
    TIM8_UP_TIM13_IRQHandler                 0x08000263   Thumb Code     0  startup_stm32f40_41xxx.o(.text)
    UART4_IRQHandler                         0x08000263   Thumb Code     0  startup_stm32f40_41xxx.o(.text)
    UART5_IRQHandler                         0x08000263   Thumb Code     0  startup_stm32f40_41xxx.o(.text)
    WWDG_IRQHandler                          0x08000263   Thumb Code     0  startup_stm32f40_41xxx.o(.text)
    __user_initial_stackheap                 0x08000265   Thumb Code     0  startup_stm32f40_41xxx.o(.text)
    __2sprintf                               0x08000289   Thumb Code    34  noretval__2sprintf.o(.text)
    __printf                                 0x080002b1   Thumb Code   104  __printf.o(.text)
    _printf_int_hex                          0x08000319   Thumb Code    84  _printf_hex_int.o(.text)
    _printf_longlong_hex                     0x08000319   Thumb Code     0  _printf_hex_int.o(.text)
    __use_two_region_memory                  0x08000371   Thumb Code     2  heapauxi.o(.text)
    __rt_heap_escrow$2region                 0x08000373   Thumb Code     2  heapauxi.o(.text)
    __rt_heap_expand$2region                 0x08000375   Thumb Code     2  heapauxi.o(.text)
    _printf_int_common                       0x08000377   Thumb Code   178  _printf_intcommon.o(.text)
    __lib_sel_fp_printf                      0x08000429   Thumb Code     2  _printf_fp_dec.o(.text)
    _printf_fp_dec_real                      0x080005db   Thumb Code   620  _printf_fp_dec.o(.text)
    _printf_char_common                      0x08000853   Thumb Code    32  _printf_char_common.o(.text)
    _sputc                                   0x08000879   Thumb Code    10  _sputc.o(.text)
    __rt_locale                              0x08000885   Thumb Code     8  rt_locale_intlibspace.o(.text)
    _ll_udiv10                               0x0800088d   Thumb Code   138  lludiv10.o(.text)
    _printf_fp_infnan                        0x08000919   Thumb Code   112  _printf_fp_infnan.o(.text)
    _btod_etento                             0x08000999   Thumb Code   224  bigflt0.o(.text)
    __user_libspace                          0x08000a7d   Thumb Code     8  libspace.o(.text)
    __user_perproc_libspace                  0x08000a7d   Thumb Code     0  libspace.o(.text)
    __user_perthread_libspace                0x08000a7d   Thumb Code     0  libspace.o(.text)
    __user_setup_stackheap                   0x08000a85   Thumb Code    74  sys_stackheap_outer.o(.text)
    exit                                     0x08000acf   Thumb Code    18  exit.o(.text)
    strcmp                                   0x08000ae1   Thumb Code   128  strcmpv7m.o(.text)
    _sys_exit                                0x08000b61   Thumb Code     8  sys_exit.o(.text)
    __I$use$semihosting                      0x08000b6d   Thumb Code     0  use_no_semi.o(.text)
    __use_no_semihosting_swi                 0x08000b6d   Thumb Code     2  use_no_semi.o(.text)
    __semihosting_library_function           0x08000b6f   Thumb Code     0  indicate_semi.o(.text)
    _btod_d2e                                0x08000b6f   Thumb Code    62  btod.o(CL$$btod_d2e)
    _d2e_denorm_low                          0x08000bad   Thumb Code    70  btod.o(CL$$btod_d2e_denorm_low)
    _d2e_norm_op1                            0x08000bf3   Thumb Code    96  btod.o(CL$$btod_d2e_norm_op1)
    __btod_div_common                        0x08000c53   Thumb Code   696  btod.o(CL$$btod_div_common)
    _e2e                                     0x08000f8b   Thumb Code   220  btod.o(CL$$btod_e2e)
    _btod_ediv                               0x08001067   Thumb Code    42  btod.o(CL$$btod_ediv)
    _btod_emul                               0x08001091   Thumb Code    42  btod.o(CL$$btod_emul)
    __btod_mult_common                       0x080010bb   Thumb Code   580  btod.o(CL$$btod_mult_common)
    AD7190_Calibrate                         0x080012ff   Thumb Code    58  bsp_ad7190.o(i.AD7190_Calibrate)
    AD7190_ChannelSelect                     0x08001339   Thumb Code    44  bsp_ad7190.o(i.AD7190_ChannelSelect)
    AD7190_ChopSetting                       0x08001365   Thumb Code    44  bsp_ad7190.o(i.AD7190_ChopSetting)
    AD7190_Continuous_ReadData               0x08001391   Thumb Code    38  bsp_ad7190.o(i.AD7190_Continuous_ReadData)
    AD7190_GetRegisterValue                  0x080013b7   Thumb Code    76  bsp_ad7190.o(i.AD7190_GetRegisterValue)
    AD7190_Init                              0x08001405   Thumb Code    56  bsp_ad7190.o(i.AD7190_Init)
    AD7190_MultiChannelSelect                0x08001451   Thumb Code    40  bsp_ad7190.o(i.AD7190_MultiChannelSelect)
    AD7190_RangeSetup                        0x08001479   Thumb Code    54  bsp_ad7190.o(i.AD7190_RangeSetup)
    AD7190_Reset                             0x080014af   Thumb Code    52  bsp_ad7190.o(i.AD7190_Reset)
    AD7190_SetRegisterValue                  0x080014e3   Thumb Code    64  bsp_ad7190.o(i.AD7190_SetRegisterValue)
    AD7190_Unipolar_Multichannel_Conf        0x08001525   Thumb Code   108  bsp_ad7190.o(i.AD7190_Unipolar_Multichannel_Conf)
    AD7190_WaitRdyGoLow                      0x08001595   Thumb Code    24  bsp_ad7190.o(i.AD7190_WaitRdyGoLow)
    BusFault_Handler                         0x080015b5   Thumb Code     4  stm32f4xx_it.o(i.BusFault_Handler)
    DebugMon_Handler                         0x080015b9   Thumb Code     2  stm32f4xx_it.o(i.DebugMon_Handler)
    GPIO_Format_Init                         0x080015bd   Thumb Code   412  drv_gpio.o(i.GPIO_Format_Init)
    GPIO_Init                                0x080017dd   Thumb Code   144  stm32f4xx_gpio.o(i.GPIO_Init)
    GPIO_PinAFConfig                         0x0800186d   Thumb Code    70  stm32f4xx_gpio.o(i.GPIO_PinAFConfig)
    GPIO_ResetBits                           0x080018b3   Thumb Code     4  stm32f4xx_gpio.o(i.GPIO_ResetBits)
    GPIO_SetBits                             0x080018b7   Thumb Code     4  stm32f4xx_gpio.o(i.GPIO_SetBits)
    Get_ADC_flag                             0x080018bd   Thumb Code     6  bsp_ad7190.o(i.Get_ADC_flag)
    Get_ad7190_data                          0x080018c9   Thumb Code     4  bsp_ad7190.o(i.Get_ad7190_data)
    Get_bias_data                            0x080018d1   Thumb Code     4  bsp_ad7190.o(i.Get_bias_data)
    Get_number                               0x080018d9   Thumb Code     8  bsp_ad7190.o(i.Get_number)
    Get_voltage_data                         0x080018e5   Thumb Code     4  bsp_ad7190.o(i.Get_voltage_data)
    HardFault_Handler                        0x080018ed   Thumb Code     4  stm32f4xx_it.o(i.HardFault_Handler)
    LED_Init                                 0x080018f1   Thumb Code    32  bsp_led.o(i.LED_Init)
    LED_Task                                 0x08001915   Thumb Code    68  bsp_led.o(i.LED_Task)
    MemManage_Handler                        0x08001965   Thumb Code     4  stm32f4xx_it.o(i.MemManage_Handler)
    NMI_Handler                              0x08001969   Thumb Code     2  stm32f4xx_it.o(i.NMI_Handler)
    NVIC_Init                                0x0800196d   Thumb Code   106  misc.o(i.NVIC_Init)
    NVIC_PriorityGroupConfig                 0x080019e5   Thumb Code    10  misc.o(i.NVIC_PriorityGroupConfig)
    PendSV_Handler                           0x080019f9   Thumb Code     2  stm32f4xx_it.o(i.PendSV_Handler)
    RCC_AHB1PeriphClockCmd                   0x080019fd   Thumb Code    26  stm32f4xx_rcc.o(i.RCC_AHB1PeriphClockCmd)
    RCC_APB1PeriphClockCmd                   0x08001a1d   Thumb Code    26  stm32f4xx_rcc.o(i.RCC_APB1PeriphClockCmd)
    RCC_APB1PeriphResetCmd                   0x08001a3d   Thumb Code    26  stm32f4xx_rcc.o(i.RCC_APB1PeriphResetCmd)
    RCC_APB2PeriphClockCmd                   0x08001a5d   Thumb Code    26  stm32f4xx_rcc.o(i.RCC_APB2PeriphClockCmd)
    RCC_APB2PeriphResetCmd                   0x08001a7d   Thumb Code    26  stm32f4xx_rcc.o(i.RCC_APB2PeriphResetCmd)
    RCC_GetClocksFreq                        0x08001a9d   Thumb Code   214  stm32f4xx_rcc.o(i.RCC_GetClocksFreq)
    SPI_Cmd                                  0x08001b85   Thumb Code    24  stm32f4xx_spi.o(i.SPI_Cmd)
    SPI_I2S_DeInit                           0x08001b9d   Thumb Code   152  stm32f4xx_spi.o(i.SPI_I2S_DeInit)
    SPI_I2S_GetFlagStatus                    0x08001c4d   Thumb Code    18  stm32f4xx_spi.o(i.SPI_I2S_GetFlagStatus)
    SPI_Init                                 0x08001c5f   Thumb Code    60  stm32f4xx_spi.o(i.SPI_Init)
    SVC_Handler                              0x08001c9b   Thumb Code     2  stm32f4xx_it.o(i.SVC_Handler)
    Serial_Send                              0x08001c9d   Thumb Code   414  drv_uart.o(i.Serial_Send)
    Serial_SendByte                          0x08001e45   Thumb Code    30  drv_uart.o(i.Serial_SendByte)
    Set_ADC_flag                             0x08001f51   Thumb Code     6  bsp_ad7190.o(i.Set_ADC_flag)
    Set_ad7190_data                          0x08001f5d   Thumb Code    28  bsp_ad7190.o(i.Set_ad7190_data)
    Set_bias_data                            0x08001f7d   Thumb Code    28  bsp_ad7190.o(i.Set_bias_data)
    Set_number                               0x08001f9d   Thumb Code     6  bsp_ad7190.o(i.Set_number)
    Set_voltage_data                         0x08001fa9   Thumb Code    36  bsp_ad7190.o(i.Set_voltage_data)
    SysTick_Handler                          0x08001fd1   Thumb Code    18  stm32f4xx_it.o(i.SysTick_Handler)
    SysTick_Init                             0x08001fe9   Thumb Code    38  drv_systick.o(i.SysTick_Init)
    SystemInit                               0x08002019   Thumb Code    88  system_stm32f4xx.o(i.SystemInit)
    System_Init                              0x08002081   Thumb Code   176  init.o(i.System_Init)
    TIM2_IRQHandler                          0x08002185   Thumb Code    32  stm32f4xx_it.o(i.TIM2_IRQHandler)
    TIM2_Init                                0x080021a5   Thumb Code    88  drv_timer.o(i.TIM2_Init)
    TIM3_IRQHandler                          0x080021fd   Thumb Code   468  stm32f4xx_it.o(i.TIM3_IRQHandler)
    TIM3_Init                                0x08002449   Thumb Code    86  drv_timer.o(i.TIM3_Init)
    TIM_ClearITPendingBit                    0x080024a5   Thumb Code     6  stm32f4xx_tim.o(i.TIM_ClearITPendingBit)
    TIM_Cmd                                  0x080024ab   Thumb Code    24  stm32f4xx_tim.o(i.TIM_Cmd)
    TIM_GetITStatus                          0x080024c3   Thumb Code    34  stm32f4xx_tim.o(i.TIM_GetITStatus)
    TIM_ITConfig                             0x080024e5   Thumb Code    18  stm32f4xx_tim.o(i.TIM_ITConfig)
    TIM_TimeBaseInit                         0x080024f9   Thumb Code   104  stm32f4xx_tim.o(i.TIM_TimeBaseInit)
    USART1_IRQHandler                        0x0800257d   Thumb Code    24  stm32f4xx_it.o(i.USART1_IRQHandler)
    USART1_Init                              0x08002599   Thumb Code   168  drv_uart.o(i.USART1_Init)
    USART2_IRQHandler                        0x08002649   Thumb Code    24  stm32f4xx_it.o(i.USART2_IRQHandler)
    USART2_Init                              0x08002665   Thumb Code   164  drv_uart.o(i.USART2_Init)
    USART3_IRQHandler                        0x08002711   Thumb Code    24  stm32f4xx_it.o(i.USART3_IRQHandler)
    USART6_IRQHandler                        0x0800272d   Thumb Code    24  stm32f4xx_it.o(i.USART6_IRQHandler)
    USART_ClearITPendingBit                  0x08002749   Thumb Code    30  stm32f4xx_usart.o(i.USART_ClearITPendingBit)
    USART_Cmd                                0x08002767   Thumb Code    24  stm32f4xx_usart.o(i.USART_Cmd)
    USART_GetFlagStatus                      0x0800277f   Thumb Code    26  stm32f4xx_usart.o(i.USART_GetFlagStatus)
    USART_ITConfig                           0x08002799   Thumb Code    74  stm32f4xx_usart.o(i.USART_ITConfig)
    USART_Init                               0x080027e5   Thumb Code   204  stm32f4xx_usart.o(i.USART_Init)
    USART_SendData                           0x080028b9   Thumb Code     8  stm32f4xx_usart.o(i.USART_SendData)
    UsageFault_Handler                       0x080028c1   Thumb Code     4  stm32f4xx_it.o(i.UsageFault_Handler)
    __ARM_fpclassify                         0x080028c5   Thumb Code    48  fpclassify.o(i.__ARM_fpclassify)
    delay_ms                                 0x080028f5   Thumb Code    62  drv_systick.o(i.delay_ms)
    delay_us                                 0x08002939   Thumb Code    56  drv_systick.o(i.delay_us)
    drv_spi_init                             0x08002975   Thumb Code   186  drv_spi.o(i.drv_spi_init)
    drv_spi_read_write_byte                  0x08002a39   Thumb Code    80  drv_spi.o(i.drv_spi_read_write_byte)
    drv_spi_read_write_string                0x08002a8d   Thumb Code    50  drv_spi.o(i.drv_spi_read_write_string)
    itoa                                     0x08002ac5   Thumb Code    98  drv_uart.o(i.itoa)
    main                                     0x08002b2d   Thumb Code    24  main.o(i.main)
    _get_lc_numeric                          0x08002b55   Thumb Code    44  lc_numeric_c.o(locale$$code)
    __aeabi_ddiv                             0x08002b81   Thumb Code     0  ddiv.o(x$fpl$ddiv)
    _ddiv                                    0x08002b81   Thumb Code   552  ddiv.o(x$fpl$ddiv)
    __aeabi_i2d                              0x08002e31   Thumb Code     0  dflt_clz.o(x$fpl$dflt)
    _dflt                                    0x08002e31   Thumb Code    46  dflt_clz.o(x$fpl$dflt)
    __aeabi_dmul                             0x08002e61   Thumb Code     0  dmul.o(x$fpl$dmul)
    _dmul                                    0x08002e61   Thumb Code   332  dmul.o(x$fpl$dmul)
    __fpl_dnaninf                            0x08002fb5   Thumb Code   156  dnaninf.o(x$fpl$dnaninf)
    __fpl_dretinf                            0x08003051   Thumb Code    12  dretinf.o(x$fpl$dretinf)
    _fp_init                                 0x0800305d   Thumb Code    10  fpinit.o(x$fpl$fpinit)
    __fplib_config_fpu_vfp                   0x08003065   Thumb Code     0  fpinit.o(x$fpl$fpinit)
    __fplib_config_pureend_doubles           0x08003065   Thumb Code     0  fpinit.o(x$fpl$fpinit)
    _printf_fp_dec                           0x08003067   Thumb Code     4  printf1.o(x$fpl$printf1)
    __I$use$fp                               0x0800306a   Number         0  usenofp.o(x$fpl$usenofp)
    Region$$Table$$Base                      0x08003128   Number         0  anon$$obj.o(Region$$Table)
    Region$$Table$$Limit                     0x08003148   Number         0  anon$$obj.o(Region$$Table)
    SystemCoreClock                          0x20000000   Data           4  system_stm32f4xx.o(.data)
    AHBPrescTable                            0x20000004   Data          16  system_stm32f4xx.o(.data)
    E_COUNTER                                0x2000001c   Data           4  drv_systick.o(.data)
    ADC_flag                                 0x20000024   Data           1  bsp_ad7190.o(.data)
    number                                   0x20000025   Data           1  bsp_ad7190.o(.data)
    ad7190_data                              0x20000068   Data          16  bsp_ad7190.o(.bss)
    bias_data                                0x20000078   Data          16  bsp_ad7190.o(.bss)
    voltage_data                             0x20000088   Data          32  bsp_ad7190.o(.bss)
    __libspace_start                         0x200000a8   Data          96  libspace.o(.bss)
    __temporary_stack_top$libspace           0x20000108   Data           0  libspace.o(.bss)



==============================================================================

Memory Map of the image

  Image Entry point : 0x08000189

  Load Region LR_IROM1 (Base: 0x08000000, Size: 0x0000319c, Max: 0x00080000, ABSOLUTE)

    Execution Region ER_IROM1 (Exec base: 0x08000000, Load base: 0x08000000, Size: 0x00003164, Max: 0x00080000, ABSOLUTE)

    Exec Addr    Load Addr    Size         Type   Attr      Idx    E Section Name        Object

    0x08000000   0x08000000   0x00000188   Data   RO         1009    RESET               startup_stm32f40_41xxx.o
    0x08000188   0x08000188   0x00000008   Code   RO         5872  * !!!main             c_w.l(__main.o)
    0x08000190   0x08000190   0x00000034   Code   RO         6174    !!!scatter          c_w.l(__scatter.o)
    0x080001c4   0x080001c4   0x0000001a   Code   RO         6176    !!handler_copy      c_w.l(__scatter_copy.o)
    0x080001de   0x080001de   0x00000002   PAD
    0x080001e0   0x080001e0   0x0000001c   Code   RO         6178    !!handler_zi        c_w.l(__scatter_zi.o)
    0x080001fc   0x080001fc   0x00000000   Code   RO         5869    .ARM.Collect$$_printf_percent$$00000000  c_w.l(_printf_percent.o)
    0x080001fc   0x080001fc   0x00000006   Code   RO         5868    .ARM.Collect$$_printf_percent$$00000003  c_w.l(_printf_f.o)
    0x08000202   0x08000202   0x00000006   Code   RO         5866    .ARM.Collect$$_printf_percent$$0000000C  c_w.l(_printf_x.o)
    0x08000208   0x08000208   0x00000004   Code   RO         5915    .ARM.Collect$$_printf_percent$$00000017  c_w.l(_printf_percent_end.o)
    0x0800020c   0x0800020c   0x00000002   Code   RO         6047    .ARM.Collect$$libinit$$00000000  c_w.l(libinit.o)
    0x0800020e   0x0800020e   0x00000004   Code   RO         6048    .ARM.Collect$$libinit$$00000001  c_w.l(libinit2.o)
    0x08000212   0x08000212   0x00000000   Code   RO         6051    .ARM.Collect$$libinit$$00000004  c_w.l(libinit2.o)
    0x08000212   0x08000212   0x00000000   Code   RO         6054    .ARM.Collect$$libinit$$0000000A  c_w.l(libinit2.o)
    0x08000212   0x08000212   0x00000000   Code   RO         6056    .ARM.Collect$$libinit$$0000000C  c_w.l(libinit2.o)
    0x08000212   0x08000212   0x00000000   Code   RO         6058    .ARM.Collect$$libinit$$0000000E  c_w.l(libinit2.o)
    0x08000212   0x08000212   0x00000006   Code   RO         6059    .ARM.Collect$$libinit$$0000000F  c_w.l(libinit2.o)
    0x08000218   0x08000218   0x00000000   Code   RO         6061    .ARM.Collect$$libinit$$00000011  c_w.l(libinit2.o)
    0x08000218   0x08000218   0x00000000   Code   RO         6063    .ARM.Collect$$libinit$$00000013  c_w.l(libinit2.o)
    0x08000218   0x08000218   0x00000000   Code   RO         6065    .ARM.Collect$$libinit$$00000015  c_w.l(libinit2.o)
    0x08000218   0x08000218   0x0000000a   Code   RO         6066    .ARM.Collect$$libinit$$00000016  c_w.l(libinit2.o)
    0x08000222   0x08000222   0x00000000   Code   RO         6067    .ARM.Collect$$libinit$$00000017  c_w.l(libinit2.o)
    0x08000222   0x08000222   0x00000000   Code   RO         6069    .ARM.Collect$$libinit$$00000019  c_w.l(libinit2.o)
    0x08000222   0x08000222   0x00000000   Code   RO         6071    .ARM.Collect$$libinit$$0000001B  c_w.l(libinit2.o)
    0x08000222   0x08000222   0x00000000   Code   RO         6073    .ARM.Collect$$libinit$$0000001D  c_w.l(libinit2.o)
    0x08000222   0x08000222   0x00000000   Code   RO         6075    .ARM.Collect$$libinit$$0000001F  c_w.l(libinit2.o)
    0x08000222   0x08000222   0x00000000   Code   RO         6077    .ARM.Collect$$libinit$$00000021  c_w.l(libinit2.o)
    0x08000222   0x08000222   0x00000000   Code   RO         6079    .ARM.Collect$$libinit$$00000023  c_w.l(libinit2.o)
    0x08000222   0x08000222   0x00000000   Code   RO         6081    .ARM.Collect$$libinit$$00000025  c_w.l(libinit2.o)
    0x08000222   0x08000222   0x00000000   Code   RO         6085    .ARM.Collect$$libinit$$0000002C  c_w.l(libinit2.o)
    0x08000222   0x08000222   0x00000000   Code   RO         6087    .ARM.Collect$$libinit$$0000002E  c_w.l(libinit2.o)
    0x08000222   0x08000222   0x00000000   Code   RO         6089    .ARM.Collect$$libinit$$00000030  c_w.l(libinit2.o)
    0x08000222   0x08000222   0x00000000   Code   RO         6091    .ARM.Collect$$libinit$$00000032  c_w.l(libinit2.o)
    0x08000222   0x08000222   0x00000002   Code   RO         6092    .ARM.Collect$$libinit$$00000033  c_w.l(libinit2.o)
    0x08000224   0x08000224   0x00000002   Code   RO         6122    .ARM.Collect$$libshutdown$$00000000  c_w.l(libshutdown.o)
    0x08000226   0x08000226   0x00000000   Code   RO         6133    .ARM.Collect$$libshutdown$$00000002  c_w.l(libshutdown2.o)
    0x08000226   0x08000226   0x00000000   Code   RO         6135    .ARM.Collect$$libshutdown$$00000004  c_w.l(libshutdown2.o)
    0x08000226   0x08000226   0x00000000   Code   RO         6138    .ARM.Collect$$libshutdown$$00000007  c_w.l(libshutdown2.o)
    0x08000226   0x08000226   0x00000000   Code   RO         6141    .ARM.Collect$$libshutdown$$0000000A  c_w.l(libshutdown2.o)
    0x08000226   0x08000226   0x00000000   Code   RO         6143    .ARM.Collect$$libshutdown$$0000000C  c_w.l(libshutdown2.o)
    0x08000226   0x08000226   0x00000000   Code   RO         6146    .ARM.Collect$$libshutdown$$0000000F  c_w.l(libshutdown2.o)
    0x08000226   0x08000226   0x00000002   Code   RO         6147    .ARM.Collect$$libshutdown$$00000010  c_w.l(libshutdown2.o)
    0x08000228   0x08000228   0x00000000   Code   RO         5904    .ARM.Collect$$rtentry$$00000000  c_w.l(__rtentry.o)
    0x08000228   0x08000228   0x00000000   Code   RO         5969    .ARM.Collect$$rtentry$$00000002  c_w.l(__rtentry2.o)
    0x08000228   0x08000228   0x00000006   Code   RO         5981    .ARM.Collect$$rtentry$$00000004  c_w.l(__rtentry4.o)
    0x0800022e   0x0800022e   0x00000000   Code   RO         5971    .ARM.Collect$$rtentry$$00000009  c_w.l(__rtentry2.o)
    0x0800022e   0x0800022e   0x00000004   Code   RO         5972    .ARM.Collect$$rtentry$$0000000A  c_w.l(__rtentry2.o)
    0x08000232   0x08000232   0x00000000   Code   RO         5974    .ARM.Collect$$rtentry$$0000000C  c_w.l(__rtentry2.o)
    0x08000232   0x08000232   0x00000008   Code   RO         5975    .ARM.Collect$$rtentry$$0000000D  c_w.l(__rtentry2.o)
    0x0800023a   0x0800023a   0x00000002   Code   RO         6093    .ARM.Collect$$rtexit$$00000000  c_w.l(rtexit.o)
    0x0800023c   0x0800023c   0x00000000   Code   RO         6100    .ARM.Collect$$rtexit$$00000002  c_w.l(rtexit2.o)
    0x0800023c   0x0800023c   0x00000004   Code   RO         6101    .ARM.Collect$$rtexit$$00000003  c_w.l(rtexit2.o)
    0x08000240   0x08000240   0x00000006   Code   RO         6102    .ARM.Collect$$rtexit$$00000004  c_w.l(rtexit2.o)
    0x08000246   0x08000246   0x00000002   PAD
    0x08000248   0x08000248   0x00000040   Code   RO         1010    .text               startup_stm32f40_41xxx.o
    0x08000288   0x08000288   0x00000028   Code   RO         5819    .text               c_w.l(noretval__2sprintf.o)
    0x080002b0   0x080002b0   0x00000068   Code   RO         5821    .text               c_w.l(__printf.o)
    0x08000318   0x08000318   0x00000058   Code   RO         5828    .text               c_w.l(_printf_hex_int.o)
    0x08000370   0x08000370   0x00000006   Code   RO         5870    .text               c_w.l(heapauxi.o)
    0x08000376   0x08000376   0x000000b2   Code   RO         5907    .text               c_w.l(_printf_intcommon.o)
    0x08000428   0x08000428   0x0000041e   Code   RO         5909    .text               c_w.l(_printf_fp_dec.o)
    0x08000846   0x08000846   0x00000002   PAD
    0x08000848   0x08000848   0x00000030   Code   RO         5911    .text               c_w.l(_printf_char_common.o)
    0x08000878   0x08000878   0x0000000a   Code   RO         5913    .text               c_w.l(_sputc.o)
    0x08000882   0x08000882   0x00000002   PAD
    0x08000884   0x08000884   0x00000008   Code   RO         5986    .text               c_w.l(rt_locale_intlibspace.o)
    0x0800088c   0x0800088c   0x0000008a   Code   RO         5993    .text               c_w.l(lludiv10.o)
    0x08000916   0x08000916   0x00000002   PAD
    0x08000918   0x08000918   0x00000080   Code   RO         5995    .text               c_w.l(_printf_fp_infnan.o)
    0x08000998   0x08000998   0x000000e4   Code   RO         5999    .text               c_w.l(bigflt0.o)
    0x08000a7c   0x08000a7c   0x00000008   Code   RO         6033    .text               c_w.l(libspace.o)
    0x08000a84   0x08000a84   0x0000004a   Code   RO         6036    .text               c_w.l(sys_stackheap_outer.o)
    0x08000ace   0x08000ace   0x00000012   Code   RO         6038    .text               c_w.l(exit.o)
    0x08000ae0   0x08000ae0   0x00000080   Code   RO         6040    .text               c_w.l(strcmpv7m.o)
    0x08000b60   0x08000b60   0x0000000c   Code   RO         6112    .text               c_w.l(sys_exit.o)
    0x08000b6c   0x08000b6c   0x00000002   Code   RO         6123    .text               c_w.l(use_no_semi.o)
    0x08000b6e   0x08000b6e   0x00000000   Code   RO         6125    .text               c_w.l(indicate_semi.o)
    0x08000b6e   0x08000b6e   0x0000003e   Code   RO         6002    CL$$btod_d2e        c_w.l(btod.o)
    0x08000bac   0x08000bac   0x00000046   Code   RO         6004    CL$$btod_d2e_denorm_low  c_w.l(btod.o)
    0x08000bf2   0x08000bf2   0x00000060   Code   RO         6003    CL$$btod_d2e_norm_op1  c_w.l(btod.o)
    0x08000c52   0x08000c52   0x00000338   Code   RO         6012    CL$$btod_div_common  c_w.l(btod.o)
    0x08000f8a   0x08000f8a   0x000000dc   Code   RO         6009    CL$$btod_e2e        c_w.l(btod.o)
    0x08001066   0x08001066   0x0000002a   Code   RO         6006    CL$$btod_ediv       c_w.l(btod.o)
    0x08001090   0x08001090   0x0000002a   Code   RO         6005    CL$$btod_emul       c_w.l(btod.o)
    0x080010ba   0x080010ba   0x00000244   Code   RO         6011    CL$$btod_mult_common  c_w.l(btod.o)
    0x080012fe   0x080012fe   0x0000003a   Code   RO          859    i.AD7190_Calibrate  bsp_ad7190.o
    0x08001338   0x08001338   0x0000002c   Code   RO          860    i.AD7190_ChannelSelect  bsp_ad7190.o
    0x08001364   0x08001364   0x0000002c   Code   RO          861    i.AD7190_ChopSetting  bsp_ad7190.o
    0x08001390   0x08001390   0x00000026   Code   RO          862    i.AD7190_Continuous_ReadData  bsp_ad7190.o
    0x080013b6   0x080013b6   0x0000004c   Code   RO          863    i.AD7190_GetRegisterValue  bsp_ad7190.o
    0x08001402   0x08001402   0x00000002   PAD
    0x08001404   0x08001404   0x0000004c   Code   RO          864    i.AD7190_Init       bsp_ad7190.o
    0x08001450   0x08001450   0x00000028   Code   RO          865    i.AD7190_MultiChannelSelect  bsp_ad7190.o
    0x08001478   0x08001478   0x00000036   Code   RO          866    i.AD7190_RangeSetup  bsp_ad7190.o
    0x080014ae   0x080014ae   0x00000034   Code   RO          867    i.AD7190_Reset      bsp_ad7190.o
    0x080014e2   0x080014e2   0x00000040   Code   RO          868    i.AD7190_SetRegisterValue  bsp_ad7190.o
    0x08001522   0x08001522   0x00000002   PAD
    0x08001524   0x08001524   0x00000070   Code   RO          869    i.AD7190_Unipolar_Multichannel_Conf  bsp_ad7190.o
    0x08001594   0x08001594   0x00000020   Code   RO          870    i.AD7190_WaitRdyGoLow  bsp_ad7190.o
    0x080015b4   0x080015b4   0x00000004   Code   RO          143    i.BusFault_Handler  stm32f4xx_it.o
    0x080015b8   0x080015b8   0x00000002   Code   RO          144    i.DebugMon_Handler  stm32f4xx_it.o
    0x080015ba   0x080015ba   0x00000002   PAD
    0x080015bc   0x080015bc   0x00000220   Code   RO          585    i.GPIO_Format_Init  drv_gpio.o
    0x080017dc   0x080017dc   0x00000090   Code   RO         2739    i.GPIO_Init         stm32f4xx_gpio.o
    0x0800186c   0x0800186c   0x00000046   Code   RO         2740    i.GPIO_PinAFConfig  stm32f4xx_gpio.o
    0x080018b2   0x080018b2   0x00000004   Code   RO         2746    i.GPIO_ResetBits    stm32f4xx_gpio.o
    0x080018b6   0x080018b6   0x00000004   Code   RO         2747    i.GPIO_SetBits      stm32f4xx_gpio.o
    0x080018ba   0x080018ba   0x00000002   PAD
    0x080018bc   0x080018bc   0x0000000c   Code   RO          871    i.Get_ADC_flag      bsp_ad7190.o
    0x080018c8   0x080018c8   0x00000008   Code   RO          872    i.Get_ad7190_data   bsp_ad7190.o
    0x080018d0   0x080018d0   0x00000008   Code   RO          873    i.Get_bias_data     bsp_ad7190.o
    0x080018d8   0x080018d8   0x0000000c   Code   RO          874    i.Get_number        bsp_ad7190.o
    0x080018e4   0x080018e4   0x00000008   Code   RO          875    i.Get_voltage_data  bsp_ad7190.o
    0x080018ec   0x080018ec   0x00000004   Code   RO          145    i.HardFault_Handler  stm32f4xx_it.o
    0x080018f0   0x080018f0   0x00000024   Code   RO          832    i.LED_Init          bsp_led.o
    0x08001914   0x08001914   0x00000050   Code   RO          833    i.LED_Task          bsp_led.o
    0x08001964   0x08001964   0x00000004   Code   RO          146    i.MemManage_Handler  stm32f4xx_it.o
    0x08001968   0x08001968   0x00000002   Code   RO          147    i.NMI_Handler       stm32f4xx_it.o
    0x0800196a   0x0800196a   0x00000002   PAD
    0x0800196c   0x0800196c   0x00000078   Code   RO         1016    i.NVIC_Init         misc.o
    0x080019e4   0x080019e4   0x00000014   Code   RO         1017    i.NVIC_PriorityGroupConfig  misc.o
    0x080019f8   0x080019f8   0x00000002   Code   RO          148    i.PendSV_Handler    stm32f4xx_it.o
    0x080019fa   0x080019fa   0x00000002   PAD
    0x080019fc   0x080019fc   0x00000020   Code   RO         3603    i.RCC_AHB1PeriphClockCmd  stm32f4xx_rcc.o
    0x08001a1c   0x08001a1c   0x00000020   Code   RO         3612    i.RCC_APB1PeriphClockCmd  stm32f4xx_rcc.o
    0x08001a3c   0x08001a3c   0x00000020   Code   RO         3614    i.RCC_APB1PeriphResetCmd  stm32f4xx_rcc.o
    0x08001a5c   0x08001a5c   0x00000020   Code   RO         3615    i.RCC_APB2PeriphClockCmd  stm32f4xx_rcc.o
    0x08001a7c   0x08001a7c   0x00000020   Code   RO         3617    i.RCC_APB2PeriphResetCmd  stm32f4xx_rcc.o
    0x08001a9c   0x08001a9c   0x000000e8   Code   RO         3624    i.RCC_GetClocksFreq  stm32f4xx_rcc.o
    0x08001b84   0x08001b84   0x00000018   Code   RO         4720    i.SPI_Cmd           stm32f4xx_spi.o
    0x08001b9c   0x08001b9c   0x000000b0   Code   RO         4727    i.SPI_I2S_DeInit    stm32f4xx_spi.o
    0x08001c4c   0x08001c4c   0x00000012   Code   RO         4728    i.SPI_I2S_GetFlagStatus  stm32f4xx_spi.o
    0x08001c5e   0x08001c5e   0x0000003c   Code   RO         4733    i.SPI_Init          stm32f4xx_spi.o
    0x08001c9a   0x08001c9a   0x00000002   Code   RO          149    i.SVC_Handler       stm32f4xx_it.o
    0x08001c9c   0x08001c9c   0x000001a8   Code   RO          465    i.Serial_Send       drv_uart.o
    0x08001e44   0x08001e44   0x0000001e   Code   RO          466    i.Serial_SendByte   drv_uart.o
    0x08001e62   0x08001e62   0x00000002   PAD
    0x08001e64   0x08001e64   0x000000ec   Code   RO            3    i.SetSysClock       system_stm32f4xx.o
    0x08001f50   0x08001f50   0x0000000c   Code   RO          876    i.Set_ADC_flag      bsp_ad7190.o
    0x08001f5c   0x08001f5c   0x00000020   Code   RO          877    i.Set_ad7190_data   bsp_ad7190.o
    0x08001f7c   0x08001f7c   0x00000020   Code   RO          878    i.Set_bias_data     bsp_ad7190.o
    0x08001f9c   0x08001f9c   0x0000000c   Code   RO          879    i.Set_number        bsp_ad7190.o
    0x08001fa8   0x08001fa8   0x00000028   Code   RO          880    i.Set_voltage_data  bsp_ad7190.o
    0x08001fd0   0x08001fd0   0x00000018   Code   RO          150    i.SysTick_Handler   stm32f4xx_it.o
    0x08001fe8   0x08001fe8   0x00000030   Code   RO          427    i.SysTick_Init      drv_systick.o
    0x08002018   0x08002018   0x00000068   Code   RO            5    i.SystemInit        system_stm32f4xx.o
    0x08002080   0x08002080   0x00000104   Code   RO          346    i.System_Init       init.o
    0x08002184   0x08002184   0x00000020   Code   RO          151    i.TIM2_IRQHandler   stm32f4xx_it.o
    0x080021a4   0x080021a4   0x00000058   Code   RO          559    i.TIM2_Init         drv_timer.o
    0x080021fc   0x080021fc   0x0000024c   Code   RO          152    i.TIM3_IRQHandler   stm32f4xx_it.o
    0x08002448   0x08002448   0x0000005c   Code   RO          560    i.TIM3_Init         drv_timer.o
    0x080024a4   0x080024a4   0x00000006   Code   RO         4945    i.TIM_ClearITPendingBit  stm32f4xx_tim.o
    0x080024aa   0x080024aa   0x00000018   Code   RO         4950    i.TIM_Cmd           stm32f4xx_tim.o
    0x080024c2   0x080024c2   0x00000022   Code   RO         4971    i.TIM_GetITStatus   stm32f4xx_tim.o
    0x080024e4   0x080024e4   0x00000012   Code   RO         4975    i.TIM_ITConfig      stm32f4xx_tim.o
    0x080024f6   0x080024f6   0x00000002   PAD
    0x080024f8   0x080024f8   0x00000084   Code   RO         5022    i.TIM_TimeBaseInit  stm32f4xx_tim.o
    0x0800257c   0x0800257c   0x0000001c   Code   RO          153    i.USART1_IRQHandler  stm32f4xx_it.o
    0x08002598   0x08002598   0x000000b0   Code   RO          467    i.USART1_Init       drv_uart.o
    0x08002648   0x08002648   0x0000001c   Code   RO          154    i.USART2_IRQHandler  stm32f4xx_it.o
    0x08002664   0x08002664   0x000000ac   Code   RO          468    i.USART2_Init       drv_uart.o
    0x08002710   0x08002710   0x0000001c   Code   RO          155    i.USART3_IRQHandler  stm32f4xx_it.o
    0x0800272c   0x0800272c   0x0000001c   Code   RO          156    i.USART6_IRQHandler  stm32f4xx_it.o
    0x08002748   0x08002748   0x0000001e   Code   RO         5497    i.USART_ClearITPendingBit  stm32f4xx_usart.o
    0x08002766   0x08002766   0x00000018   Code   RO         5500    i.USART_Cmd         stm32f4xx_usart.o
    0x0800277e   0x0800277e   0x0000001a   Code   RO         5503    i.USART_GetFlagStatus  stm32f4xx_usart.o
    0x08002798   0x08002798   0x0000004a   Code   RO         5506    i.USART_ITConfig    stm32f4xx_usart.o
    0x080027e2   0x080027e2   0x00000002   PAD
    0x080027e4   0x080027e4   0x000000d4   Code   RO         5507    i.USART_Init        stm32f4xx_usart.o
    0x080028b8   0x080028b8   0x00000008   Code   RO         5517    i.USART_SendData    stm32f4xx_usart.o
    0x080028c0   0x080028c0   0x00000004   Code   RO          157    i.UsageFault_Handler  stm32f4xx_it.o
    0x080028c4   0x080028c4   0x00000030   Code   RO         6029    i.__ARM_fpclassify  m_wm.l(fpclassify.o)
    0x080028f4   0x080028f4   0x00000044   Code   RO          428    i.delay_ms          drv_systick.o
    0x08002938   0x08002938   0x0000003c   Code   RO          429    i.delay_us          drv_systick.o
    0x08002974   0x08002974   0x000000c4   Code   RO          366    i.drv_spi_init      drv_spi.o
    0x08002a38   0x08002a38   0x00000054   Code   RO          367    i.drv_spi_read_write_byte  drv_spi.o
    0x08002a8c   0x08002a8c   0x00000038   Code   RO          368    i.drv_spi_read_write_string  drv_spi.o
    0x08002ac4   0x08002ac4   0x00000068   Code   RO          471    i.itoa              drv_uart.o
    0x08002b2c   0x08002b2c   0x00000028   Code   RO          317    i.main              main.o
    0x08002b54   0x08002b54   0x0000002c   Code   RO         6025    locale$$code        c_w.l(lc_numeric_c.o)
    0x08002b80   0x08002b80   0x000002b0   Code   RO         5877    x$fpl$ddiv          fz_wm.l(ddiv.o)
    0x08002e30   0x08002e30   0x0000002e   Code   RO         5881    x$fpl$dflt          fz_wm.l(dflt_clz.o)
    0x08002e5e   0x08002e5e   0x00000002   PAD
    0x08002e60   0x08002e60   0x00000154   Code   RO         5886    x$fpl$dmul          fz_wm.l(dmul.o)
    0x08002fb4   0x08002fb4   0x0000009c   Code   RO         5924    x$fpl$dnaninf       fz_wm.l(dnaninf.o)
    0x08003050   0x08003050   0x0000000c   Code   RO         5926    x$fpl$dretinf       fz_wm.l(dretinf.o)
    0x0800305c   0x0800305c   0x0000000a   Code   RO         6097    x$fpl$fpinit        fz_wm.l(fpinit.o)
    0x08003066   0x08003066   0x00000004   Code   RO         5890    x$fpl$printf1       fz_wm.l(printf1.o)
    0x0800306a   0x0800306a   0x00000000   Code   RO         5932    x$fpl$usenofp       fz_wm.l(usenofp.o)
    0x0800306a   0x0800306a   0x00000028   Data   RO         5829    .constdata          c_w.l(_printf_hex_int.o)
    0x08003092   0x08003092   0x00000002   PAD
    0x08003094   0x08003094   0x00000094   Data   RO         6000    .constdata          c_w.l(bigflt0.o)
    0x08003128   0x08003128   0x00000020   Data   RO         6172    Region$$Table       anon$$obj.o
    0x08003148   0x08003148   0x0000001c   Data   RO         6024    locale$$data        c_w.l(lc_numeric_c.o)


    Execution Region RW_IRAM1 (Exec base: 0x20000000, Load base: 0x08003164, Size: 0x00000708, Max: 0x00020000, ABSOLUTE)

    Exec Addr    Load Addr    Size         Type   Attr      Idx    E Section Name        Object

    0x20000000   0x08003164   0x00000014   Data   RW            6    .data               system_stm32f4xx.o
    0x20000014   0x08003178   0x00000005   Data   RW          159    .data               stm32f4xx_it.o
    0x20000019   0x0800317d   0x00000003   PAD
    0x2000001c   0x08003180   0x00000004   Data   RW          430    .data               drv_systick.o
    0x20000020   0x08003184   0x00000004   Data   RW          834    .data               bsp_led.o
    0x20000024   0x08003188   0x00000002   Data   RW          882    .data               bsp_ad7190.o
    0x20000026   0x0800318a   0x00000010   Data   RW         3656    .data               stm32f4xx_rcc.o
    0x20000036   0x0800319a   0x00000002   PAD
    0x20000038        -       0x00000030   Zero   RW          158    .bss                stm32f4xx_it.o
    0x20000068        -       0x00000040   Zero   RW          881    .bss                bsp_ad7190.o
    0x200000a8        -       0x00000060   Zero   RW         6034    .bss                c_w.l(libspace.o)
    0x20000108        -       0x00000200   Zero   RW         1008    HEAP                startup_stm32f40_41xxx.o
    0x20000308        -       0x00000400   Zero   RW         1007    STACK               startup_stm32f40_41xxx.o


==============================================================================

Image component sizes


      Code (inc. data)   RO Data    RW Data    ZI Data      Debug   Object Name

       866         78          0          2         64      13974   bsp_ad7190.o
       116         16          0          4          0       1126   bsp_led.o
       544        132          0          0          0       1547   drv_gpio.o
       336         20          0          0          0     232065   drv_spi.o
       176         20          0          4          0       1801   drv_systick.o
       180          6          0          0          0       1384   drv_timer.o
       906         32          0          0          0       4503   drv_uart.o
       260         84          0          0          0        646   init.o
        40         16          0          0          0        459   main.o
       140         24          0          0          0       1643   misc.o
        64         26        392          0       1536        840   startup_stm32f40_41xxx.o
       222          0          0          0          0       2971   stm32f4xx_gpio.o
       780        142          0          5         48       8294   stm32f4xx_it.o
       392         48          0         16          0       5881   stm32f4xx_rcc.o
       278         24          0          0          0       3118   stm32f4xx_spi.o
       214         28          0          0          0       3766   stm32f4xx_tim.o
       374          8          0          0          0       4867   stm32f4xx_usart.o
       340         32          0         20          0      62445   system_stm32f4xx.o

    ----------------------------------------------------------------------
      6246        736        424         56       1648     351330   Object Totals
         0          0         32          0          0          0   (incl. Generated)
        18          0          0          5          0          0   (incl. Padding)

    ----------------------------------------------------------------------

      Code (inc. data)   RO Data    RW Data    ZI Data      Debug   Library Member Name

         8          0          0          0          0         68   __main.o
       104          0          0          0          0         84   __printf.o
         0          0          0          0          0          0   __rtentry.o
        12          0          0          0          0          0   __rtentry2.o
         6          0          0          0          0          0   __rtentry4.o
        52          8          0          0          0          0   __scatter.o
        26          0          0          0          0          0   __scatter_copy.o
        28          0          0          0          0          0   __scatter_zi.o
        48          6          0          0          0         96   _printf_char_common.o
         6          0          0          0          0          0   _printf_f.o
      1054          0          0          0          0        216   _printf_fp_dec.o
       128         16          0          0          0         84   _printf_fp_infnan.o
        88          4         40          0          0         88   _printf_hex_int.o
       178          0          0          0          0         88   _printf_intcommon.o
         0          0          0          0          0          0   _printf_percent.o
         4          0          0          0          0          0   _printf_percent_end.o
         6          0          0          0          0          0   _printf_x.o
        10          0          0          0          0         68   _sputc.o
       228          4        148          0          0         96   bigflt0.o
      1936        128          0          0          0        672   btod.o
        18          0          0          0          0         80   exit.o
         6          0          0          0          0        152   heapauxi.o
         0          0          0          0          0          0   indicate_semi.o
        44         10         28          0          0         76   lc_numeric_c.o
         2          0          0          0          0          0   libinit.o
        22          0          0          0          0          0   libinit2.o
         2          0          0          0          0          0   libshutdown.o
         2          0          0          0          0          0   libshutdown2.o
         8          4          0          0         96         68   libspace.o
       138          0          0          0          0         80   lludiv10.o
        40          6          0          0          0         84   noretval__2sprintf.o
         8          4          0          0          0         68   rt_locale_intlibspace.o
         2          0          0          0          0          0   rtexit.o
        10          0          0          0          0          0   rtexit2.o
       128          0          0          0          0         68   strcmpv7m.o
        12          4          0          0          0         68   sys_exit.o
        74          0          0          0          0         80   sys_stackheap_outer.o
         2          0          0          0          0         68   use_no_semi.o
       688        140          0          0          0        256   ddiv.o
        46          0          0          0          0        116   dflt_clz.o
       340         12          0          0          0        152   dmul.o
       156          4          0          0          0        140   dnaninf.o
        12          0          0          0          0        116   dretinf.o
        10          0          0          0          0        116   fpinit.o
         4          0          0          0          0        116   printf1.o
         0          0          0          0          0          0   usenofp.o
        48          0          0          0          0        124   fpclassify.o

    ----------------------------------------------------------------------
      5756        350        218          0         96       3588   Library Totals
        12          0          2          0          0          0   (incl. Padding)

    ----------------------------------------------------------------------

      Code (inc. data)   RO Data    RW Data    ZI Data      Debug   Library Name

      4440        194        216          0         96       2452   c_w.l
      1256        156          0          0          0       1012   fz_wm.l
        48          0          0          0          0        124   m_wm.l

    ----------------------------------------------------------------------
      5756        350        218          0         96       3588   Library Totals

    ----------------------------------------------------------------------

==============================================================================


      Code (inc. data)   RO Data    RW Data    ZI Data      Debug   

     12002       1086        642         56       1744     345218   Grand Totals
     12002       1086        642         56       1744     345218   ELF Image Totals
     12002       1086        642         56          0          0   ROM Totals

==============================================================================

    Total RO  Size (Code + RO Data)                12644 (  12.35kB)
    Total RW  Size (RW Data + ZI Data)              1800 (   1.76kB)
    Total ROM Size (Code + RO Data + RW Data)      12700 (  12.40kB)

==============================================================================

