<html>
<body>
<pre>
<h1>µVision Build Log</h1>
<h2>Tool Versions:</h2>
IDE-Version: ¦ÌVision V5.28.0.0
Copyright (C) 2019 ARM Ltd and ARM Germany GmbH. All rights reserved.
License Information: s Lenovo, s, LIC=NQQMA-1N67Q-NNZAF-6C5RW-7BGKQ-GIE0Y
 
Tool Versions:
Toolchain:       MDK-ARM Plus  Version: 5.28.0.0
Toolchain Path:  D:\KEIL5\ARM\ARMCC\Bin
C Compiler:      Armcc.exe V5.06 update 6 (build 750)
Assembler:       Armasm.exe V5.06 update 6 (build 750)
Linker/Locator:  ArmLink.exe V5.06 update 6 (build 750)
Library Manager: ArmAr.exe V5.06 update 6 (build 750)
Hex Converter:   FromElf.exe V5.06 update 6 (build 750)
CPU DLL:         SARMCM3.DLL V5.28.0.0
Dialog DLL:      DCM.DLL V1.17.3.0
Target DLL:      STLink\ST-LINKIII-KEIL_SWO.dll V3.0.6.0
Dialog DLL:      TCM.DLL V1.36.2.0
 
<h2>Project:</h2>
D:\USER\Desktop\Ö÷¿Ø°å\f407-new-example\USER\Example.uvprojx
Project File Date:  11/03/2020

<h2>Output:</h2>
*** Using Compiler 'V5.06 update 6 (build 750)', folder: 'D:\KEIL5\ARM\ARMCC\Bin'
Rebuild target 'DEMO'
compiling drv_adc.c...
compiling drv_spi.c...
compiling stm32f4xx_it.c...
compiling system_stm32f4xx.c...
compiling drv_timer.c...
compiling drv_uart.c...
compiling main.c...
compiling drv_gpio.c...
compiling drv_systick.c...
compiling drv_i2c.c...
compiling init.c...
compiling oled_font.c...
assembling startup_stm32f40_41xxx.s...
compiling misc.c...
compiling stm32f4xx_crc.c...
compiling bsp_led.c...
compiling drv_can.c...
compiling bsp_oled.c...
compiling bsp_ad7190.c...
compiling stm32f4xx_cryp.c...
compiling stm32f4xx_adc.c...
compiling stm32f4xx_cryp_des.c...
compiling stm32f4xx_can.c...
compiling stm32f4xx_cryp_aes.c...
compiling stm32f4xx_exti.c...
compiling stm32f4xx_cryp_tdes.c...
compiling stm32f4xx_dcmi.c...
compiling stm32f4xx_flash_ramfunc.c...
compiling stm32f4xx_dbgmcu.c...
compiling stm32f4xx_flash.c...
compiling stm32f4xx_fsmc.c...
compiling stm32f4xx_gpio.c...
compiling stm32f4xx_dac.c...
compiling stm32f4xx_dma.c...
compiling stm32f4xx_dma2d.c...
compiling stm32f4xx_hash.c...
compiling stm32f4xx_iwdg.c...
compiling stm32f4xx_hash_md5.c...
compiling stm32f4xx_ltdc.c...
compiling stm32f4xx_sai.c...
compiling stm32f4xx_rng.c...
compiling stm32f4xx_hash_sha1.c...
compiling stm32f4xx_pwr.c...
compiling stm32f4xx_i2c.c...
compiling stm32f4xx_rcc.c...
compiling stm32f4xx_rtc.c...
compiling stm32f4xx_sdio.c...
compiling stm32f4xx_spi.c...
compiling distance.c...
compiling stm32f4xx_syscfg.c...
compiling stm32f4xx_wwdg.c...
compiling stm32f4xx_usart.c...
compiling protocol.c...
compiling stm32f4xx_tim.c...
linking...
Program Size: Code=9302 RO-data=642 RW-data=44 ZI-data=1636  
FromELF: creating hex file...
"..\OBJ\Example.axf" - 0 Error(s), 0 Warning(s).

<h2>Software Packages used:</h2>

Package Vendor: Keil
                http://www.keil.com/pack/Keil.STM32F4xx_DFP.2.14.0.pack
                Keil.STM32F4xx_DFP.2.14.0
                STMicroelectronics STM32F4 Series Device Support, Drivers and Examples

<h2>Collection of Component include folders:</h2>
  .\RTE\_DEMO
  D:\KEIL5\Documents\Keil\STM32F4xx_DFP\2.14.0\Drivers\CMSIS\Device\ST\STM32F4xx\Include

<h2>Collection of Component Files used:</h2>
Build Time Elapsed:  00:00:06
</pre>
</body>
</html>
